2025-12-13 06:24:06,Ryu_Less,SELL,AMETHYST_SHARD,64,435.09759999999994,MISC,
2025-12-13 06:24:06,Ryu_Less,SELL,AMETHYST_SHARD,54,347.04179999999997,MISC,
2025-12-13 06:24:23,Ryu_Less,BUY,ANVIL,1,53.8018275750056,MISC,
2025-12-13 06:44:17,Ryu_Less,BUY,SADDLE,1,22.596767581502395,MISC,
2025-12-13 07:11:42,Ryu_Less,BUY,SUGAR_CANE,1,0.77005,FARMING,
2025-12-13 07:11:42,Ryu_Less,BUY,SUGAR_CANE,1,0.77095,FARMING,
2025-12-13 07:11:42,Ryu_Less,BUY,SUGAR_CANE,1,0.7718499999999999,FARMING,
2025-12-13 07:11:42,Ryu_Less,BUY,SUGAR_CANE,1,0.77275,FARMING,
2025-12-13 07:11:42,Ryu_Less,BUY,SUGAR_CANE,1,0.77365,FARMING,
2025-12-13 07:11:43,Ryu_Less,BUY,SUGAR_CANE,1,0.77455,FARMING,
2025-12-13 07:11:43,Ryu_Less,BUY,SUGAR_CANE,1,0.77545,FARMING,
2025-12-13 07:11:43,Ryu_Less,BUY,SUGAR_CANE,1,0.77635,FARMING,
2025-12-13 07:11:43,Ryu_Less,BUY,SUGAR_CANE,1,0.77725,FARMING,
2025-12-13 07:11:43,Ryu_Less,BUY,SUGAR_CANE,1,0.77815,FARMING,
2025-12-13 07:11:43,Ryu_Less,BUY,SUGAR_CANE,1,0.77905,FARMING,
2025-12-13 07:11:43,Ryu_Less,BUY,SUGAR_CANE,1,0.7799499999999999,FARMING,
2025-12-13 07:11:43,Ryu_Less,BUY,SUGAR_CANE,1,0.78085,FARMING,
2025-12-13 07:11:43,Ryu_Less,BUY,SUGAR_CANE,1,0.78175,FARMING,
2025-12-13 07:11:43,Ryu_Less,BUY,SUGAR_CANE,1,0.7826500000000001,FARMING,
2025-12-13 07:11:43,Ryu_Less,BUY,SUGAR_CANE,1,0.78355,FARMING,
2025-12-13 07:11:43,Ryu_Less,BUY,SUGAR_CANE,1,0.78445,FARMING,
2025-12-13 07:11:44,Ryu_Less,BUY,SUGAR_CANE,1,0.78535,FARMING,
2025-12-13 07:11:44,Ryu_Less,BUY,SUGAR_CANE,1,0.78625,FARMING,
2025-12-13 07:11:44,Ryu_Less,BUY,SUGAR_CANE,1,0.78715,FARMING,
2025-12-13 07:11:44,Ryu_Less,BUY,SUGAR_CANE,1,0.7880499999999999,FARMING,
2025-12-13 07:11:44,Ryu_Less,BUY,SUGAR_CANE,1,0.78895,FARMING,
2025-12-13 07:11:44,Ryu_Less,BUY,SUGAR_CANE,1,0.7898499999999999,FARMING,
2025-12-13 07:11:44,Ryu_Less,BUY,SUGAR_CANE,1,0.7907500000000001,FARMING,
2025-12-13 07:11:44,Ryu_Less,BUY,SUGAR_CANE,1,0.79165,FARMING,
2025-12-13 07:11:44,Ryu_Less,BUY,SUGAR_CANE,1,0.79255,FARMING,
2025-12-13 07:11:44,Ryu_Less,BUY,SUGAR_CANE,1,0.79345,FARMING,
2025-12-13 07:11:44,Ryu_Less,BUY,SUGAR_CANE,1,0.79435,FARMING,
2025-12-13 07:11:44,Ryu_Less,BUY,SUGAR_CANE,1,0.79525,FARMING,
2025-12-13 07:11:45,Ryu_Less,BUY,SUGAR_CANE,1,0.79615,FARMING,
2025-12-13 07:11:45,Ryu_Less,BUY,SUGAR_CANE,1,0.79705,FARMING,
2025-12-13 07:11:45,Ryu_Less,BUY,SUGAR_CANE,1,0.7979499999999999,FARMING,
2025-12-13 07:11:45,Ryu_Less,BUY,SUGAR_CANE,1,0.7988500000000001,FARMING,
2025-12-13 07:11:45,Ryu_Less,BUY,SUGAR_CANE,1,0.79975,FARMING,
2025-12-13 07:11:45,Ryu_Less,BUY,SUGAR_CANE,1,0.80065,FARMING,
2025-12-13 07:11:45,Ryu_Less,BUY,SUGAR_CANE,1,0.80155,FARMING,
2025-12-13 07:11:45,Ryu_Less,BUY,SUGAR_CANE,1,0.80245,FARMING,
2025-12-13 07:11:45,Ryu_Less,BUY,SUGAR_CANE,1,0.80335,FARMING,
2025-12-13 07:11:45,Ryu_Less,BUY,SUGAR_CANE,1,0.80425,FARMING,
2025-12-13 07:11:45,Ryu_Less,BUY,SUGAR_CANE,1,0.80515,FARMING,
2025-12-13 07:11:46,Ryu_Less,BUY,SUGAR_CANE,1,0.8060499999999999,FARMING,
2025-12-13 07:11:46,Ryu_Less,BUY,SUGAR_CANE,1,0.8069500000000001,FARMING,
2025-12-13 07:11:46,Ryu_Less,BUY,SUGAR_CANE,1,0.80785,FARMING,
2025-12-13 07:11:46,Ryu_Less,BUY,SUGAR_CANE,1,0.80875,FARMING,
2025-12-13 07:11:46,Ryu_Less,BUY,SUGAR_CANE,1,0.80965,FARMING,
2025-12-13 07:11:46,Ryu_Less,BUY,SUGAR_CANE,1,0.81055,FARMING,
2025-12-13 07:11:46,Ryu_Less,BUY,SUGAR_CANE,1,0.81145,FARMING,
2025-12-13 07:11:46,Ryu_Less,BUY,SUGAR_CANE,1,0.81235,FARMING,
2025-12-13 07:11:46,Ryu_Less,BUY,SUGAR_CANE,1,0.81325,FARMING,
2025-12-13 07:11:46,Ryu_Less,BUY,SUGAR_CANE,1,0.81415,FARMING,
2025-12-13 07:11:46,Ryu_Less,BUY,SUGAR_CANE,1,0.81505,FARMING,
2025-12-13 07:11:47,Ryu_Less,BUY,SUGAR_CANE,1,0.81595,FARMING,
2025-12-13 07:11:47,Ryu_Less,BUY,SUGAR_CANE,1,0.81685,FARMING,
2025-12-13 07:11:47,Ryu_Less,BUY,SUGAR_CANE,1,0.81775,FARMING,
2025-12-13 07:11:47,Ryu_Less,BUY,SUGAR_CANE,1,0.81865,FARMING,
2025-12-13 07:11:47,Ryu_Less,BUY,SUGAR_CANE,1,0.81955,FARMING,
2025-12-13 07:11:47,Ryu_Less,BUY,SUGAR_CANE,1,0.82045,FARMING,
2025-12-13 07:11:47,Ryu_Less,BUY,SUGAR_CANE,1,0.82135,FARMING,
2025-12-13 07:11:48,Ryu_Less,BUY,SUGAR_CANE,1,0.82225,FARMING,
2025-12-13 07:11:48,Ryu_Less,BUY,SUGAR_CANE,1,0.82315,FARMING,
2025-12-13 07:11:48,Ryu_Less,BUY,SUGAR_CANE,1,0.82405,FARMING,
2025-12-13 07:15:14,Ryu_Less,BUY,LEATHER,1,1.9883,MISC,
2025-12-13 07:15:14,Ryu_Less,BUY,LEATHER,1,1.9901,MISC,
2025-12-13 07:15:14,Ryu_Less,BUY,LEATHER,1,1.9919,MISC,
2025-12-13 07:15:15,Ryu_Less,BUY,LEATHER,1,1.9937,MISC,
2025-12-13 07:15:15,Ryu_Less,BUY,LEATHER,1,1.9955,MISC,
2025-12-13 07:15:15,Ryu_Less,BUY,LEATHER,1,1.9973,MISC,
2025-12-13 07:15:15,Ryu_Less,BUY,LEATHER,1,1.9991,MISC,
2025-12-13 07:40:19,Ryu_Less,SELL,AMETHYST_SHARD,20,123.872,MISC,
2025-12-13 07:42:58,Xitsongalo,BUY,AMETHYST_CLUSTER,1,10.247967157143936,MISC,
2025-12-13 07:43:03,Xitsongalo,SELL,AMETHYST_CLUSTER,1,7.173577010000755,MISC,
2025-12-13 07:43:09,Xitsongalo,BUY,AMETHYST_SHARD,1,8.7625,MISC,
2025-12-13 07:43:11,Xitsongalo,SELL,AMETHYST_SHARD,1,6.133749999999999,MISC,
2025-12-13 07:43:36,Xitsongalo,SELL,AMETHYST_SHARD,1,6.127449999999999,MISC,
2025-12-13 07:43:37,Xitsongalo,SELL,AMETHYST_SHARD,64,379.0528,MISC,
2025-12-13 07:43:38,Xitsongalo,SELL,AMETHYST_SHARD,9,51.23474999999999,MISC,
2025-12-13 07:43:45,Xitsongalo,BUY,AMETHYST_SHARD,1,8.096499999999999,MISC,
2025-12-13 07:43:45,Xitsongalo,BUY,AMETHYST_SHARD,1,8.1055,MISC,
2025-12-13 07:43:54,Xitsongalo,SELL,AMETHYST_SHARD,1,5.673849999999999,MISC,
2025-12-13 07:43:54,Xitsongalo,SELL,AMETHYST_SHARD,1,5.6675499999999985,MISC,
2025-12-13 07:44:46,Xitsongalo,SELL,CALCITE,1,1.39937,BLOCKS,
2025-12-13 07:44:47,Xitsongalo,SELL,CALCITE,1,1.39811,BLOCKS,
2025-12-13 07:44:48,Xitsongalo,SELL,CALCITE,1,1.39685,BLOCKS,
2025-12-13 07:46:07,Xitsongalo,SELL,CALCITE,1,1.3955899999999999,BLOCKS,
2025-12-13 07:46:08,Xitsongalo,SELL,CALCITE,1,1.3943299999999998,BLOCKS,
2025-12-13 07:46:11,Xitsongalo,SELL,CALCITE,1,1.3930699999999998,BLOCKS,
2025-12-13 07:46:12,Xitsongalo,SELL,CALCITE,1,1.39181,BLOCKS,
2025-12-13 07:46:13,Xitsongalo,SELL,CALCITE,1,1.39055,BLOCKS,
2025-12-13 07:46:13,Xitsongalo,SELL,CALCITE,1,1.38929,BLOCKS,
2025-12-13 07:46:13,Xitsongalo,SELL,CALCITE,1,1.38803,BLOCKS,
2025-12-13 07:46:14,Xitsongalo,SELL,CALCITE,1,1.38677,BLOCKS,
2025-12-13 07:46:15,Xitsongalo,SELL,CALCITE,56,75.64815999999999,BLOCKS,
2025-12-13 07:46:15,Xitsongalo,SELL,CALCITE,64,81.61664,BLOCKS,
2025-12-13 07:46:16,Xitsongalo,SELL,CALCITE,64,76.45567999999999,BLOCKS,
2025-12-13 07:46:17,Xitsongalo,SELL,CALCITE,1,1.1536699999999998,BLOCKS,
2025-12-13 07:46:17,Xitsongalo,SELL,CALCITE,64,71.21408,BLOCKS,
2025-12-13 07:46:17,Xitsongalo,SELL,CALCITE,63,65.06072999999999,BLOCKS,
2025-12-13 07:46:18,Xitsongalo,SELL,CALCITE,64,60.97279999999999,BLOCKS,
2025-12-13 07:46:19,Xitsongalo,SELL,CALCITE,1,0.91175,BLOCKS,
2025-12-13 07:46:20,Xitsongalo,SELL,AMETHYST_BLOCK,64,652.6464,MISC,
2025-12-13 07:46:20,Xitsongalo,SELL,AMETHYST_BLOCK,64,613.9391999999999,MISC,
2025-12-13 07:46:22,Xitsongalo,SELL,AMETHYST_BLOCK,2,18.561899999999998,MISC,
2025-12-13 07:46:23,Xitsongalo,SELL,AMETHYST_BLOCK,64,574.0224,MISC,
2025-12-13 07:46:23,Xitsongalo,SELL,AMETHYST_BLOCK,2,17.3145,MISC,
2025-12-13 07:46:24,Xitsongalo,SELL,AMETHYST_BLOCK,64,534.1055999999999,MISC,
2025-12-13 07:46:24,Xitsongalo,SELL,AMETHYST_BLOCK,64,495.3984,MISC,
2025-12-13 07:46:25,Xitsongalo,SELL,AMETHYST_BLOCK,64,456.6911999999999,MISC,
2025-12-13 07:46:26,Xitsongalo,SELL,AMETHYST_BLOCK,60,392.99399999999997,MISC,
2025-12-13 07:46:27,Xitsongalo,SELL,AMETHYST_BLOCK,2,12.513899999999998,MISC,
2025-12-13 07:53:19,Xitsongalo,SELL,AMETHYST_BLOCK,33,201.021975,MISC,
2025-12-13 07:53:21,Xitsongalo,SELL,AMETHYST_BLOCK,33,116.34052499999999,MISC,
2025-12-13 07:53:22,Xitsongalo,SELL,AMETHYST_BLOCK,33,34.649999999999984,MISC,
2025-12-13 07:53:23,Xitsongalo,SELL,AMETHYST_BLOCK,33,34.649999999999984,MISC,
2025-12-13 07:53:23,Xitsongalo,SELL,AMETHYST_BLOCK,29,30.44999999999999,MISC,
2025-12-13 07:53:24,Xitsongalo,SELL,CALCITE,64,55.731199999999994,BLOCKS,
2025-12-13 07:53:24,Xitsongalo,SELL,CALCITE,64,40.65152,BLOCKS,
2025-12-13 07:53:26,Xitsongalo,SELL,CALCITE,44,6.1599999999999975,BLOCKS,
2025-12-13 07:54:16,Xitsongalo,SELL,AMETHYST_SHARD,60,328.524,MISC,
2025-12-13 07:54:37,Xitsongalo,BUY,TURTLE_HELMET,1,46.115852207147704,ARMOR,
2025-12-13 07:56:16,Xitsongalo,BUY,SPRUCE_SAPLING,64,724.6258826681643,FARMING,
2025-12-13 08:02:08,Xitsongalo,BUY,LEATHER,64,889.7148664573143,MISC,
2025-12-13 08:21:27,Ryu_Less,BUY,EXPERIENCE_BOTTLE,1,31.79592121459702,MISC,
2025-12-13 08:21:29,Ryu_Less,BUY,EXPERIENCE_BOTTLE,1,33.38571727532692,MISC,
2025-12-13 08:25:05,Maul_FZC,BUY,ENCHANTING_TABLE,1,51.23983578571968,MISC,
2025-12-13 08:25:37,Maul_FZC,BUY,RED_STAINED_GLASS,1,2.561991789285984,BLOCKS,
2025-12-13 08:30:03,Maul_FZC,BUY,ANVIL,1,56.491918953755984,MISC,
2025-12-13 09:21:23,Xitsongalo,SELL,NETHERRACK,41,14.085242499999998,BLOCKS,
2025-12-13 09:21:25,Xitsongalo,SELL,QUARTZ,64,174.03903999999997,MISC,
2025-12-13 09:24:41,Ryu_Less,BUY,EXPERIENCE_BOTTLE,1,35.05500313909329,MISC,
2025-12-13 09:24:41,Ryu_Less,BUY,EXPERIENCE_BOTTLE,1,36.80775329604792,MISC,
2025-12-13 09:25:39,Maul_FZC,SELL,DIRT,64,32.744319999999995,BLOCKS,
2025-12-13 09:25:40,Maul_FZC,SELL,DIRT,64,30.163839999999997,BLOCKS,
2025-12-13 09:25:40,Maul_FZC,SELL,DIRT,52,22.608040000000003,BLOCKS,
2025-12-13 09:27:33,Ryu_Less,SELL,NETHER_BRICK,37,50.844289999999994,BLOCKS,
2025-12-13 09:29:06,Xitsongalo,BUY,BOW,1,8.198373725715149,TOOLS,
2025-12-13 09:29:15,Ryu_Less,SELL,ROTTEN_FLESH,64,43.50975999999999,FOOD,
2025-12-13 09:44:01,Maul_FZC,SELL,WHEAT_SEEDS,64,15.12224,FARMING,
2025-12-13 09:44:02,Maul_FZC,SELL,WHEAT_SEEDS,64,13.831999999999997,FARMING,
2025-12-13 09:44:02,Maul_FZC,SELL,WHEAT_SEEDS,64,9.3037175,FARMING,
2025-12-13 09:44:02,Maul_FZC,SELL,WHEAT_SEEDS,64,2.2399999999999993,FARMING,
2025-12-13 09:44:02,Maul_FZC,SELL,WHEAT_SEEDS,64,2.2399999999999993,FARMING,
2025-12-13 09:44:02,Maul_FZC,SELL,WHEAT_SEEDS,64,2.2399999999999993,FARMING,
2025-12-13 09:44:03,Maul_FZC,SELL,WHEAT_SEEDS,64,2.2399999999999993,FARMING,
2025-12-13 09:44:03,Maul_FZC,SELL,WHEAT_SEEDS,64,2.2399999999999993,FARMING,
2025-12-13 09:44:03,Maul_FZC,SELL,WHEAT_SEEDS,64,2.2399999999999993,FARMING,
2025-12-13 09:59:58,Ryu_Less,SELL,QUARTZ_BLOCK,16,88.95488,BLOCKS,
2025-12-13 10:06:06,Ryu_Less,BUY,LEATHER,1,46.53533675429467,MISC,
2025-12-13 10:06:08,Ryu_Less,BUY,LEATHER,1,48.862103592009255,MISC,
2025-12-13 10:06:10,Ryu_Less,BUY,LEATHER,1,51.30520877160967,MISC,
2025-12-13 10:06:10,Ryu_Less,BUY,LEATHER,1,53.87046921019026,MISC,
2025-12-13 10:06:10,Ryu_Less,BUY,LEATHER,1,56.56399267069978,MISC,
2025-12-13 10:06:11,Ryu_Less,BUY,LEATHER,1,59.392192304234776,MISC,
2025-12-13 10:06:11,Ryu_Less,BUY,LEATHER,1,62.361801919446464,MISC,
2025-12-13 10:06:12,Ryu_Less,BUY,LEATHER,1,65.4798920154186,MISC,
2025-12-13 10:06:12,Ryu_Less,BUY,LEATHER,1,68.75388661619,MISC,
2025-12-13 10:06:16,Ryu_Less,BUY,LEATHER,1,72.191580946999,MISC,
2025-12-13 12:44:23,Maul_FZC,BUY,BLAST_FURNACE,1,12.297560588572722,REDSTONE,
2025-12-13 13:10:54,Maul_FZC,SELL,LEATHER,2,98.6618272942323,MISC,
2025-12-13 13:11:23,Maul_FZC,SELL,LEATHER,1,45.83592441079302,MISC,
2025-12-13 13:11:24,Maul_FZC,SELL,LEATHER,7,265.2237736557394,MISC,
2025-12-13 13:39:29,Xitsongalo,SELL,AMETHYST_SHARD,1,5.28325,MISC,
2025-12-13 13:39:30,Xitsongalo,SELL,AMETHYST_SHARD,1,5.276949999999999,MISC,
2025-12-13 13:39:40,Xitsongalo,SELL,AMETHYST_SHARD,50,255.81500000000003,MISC,
2025-12-13 13:39:45,Xitsongalo,SELL,DIAMOND,2,139.874,MISC,
2025-12-13 13:39:46,Xitsongalo,SELL,ROTTEN_FLESH,1,0.659365,FOOD,
2025-12-13 13:39:46,Xitsongalo,SELL,CALCITE,64,8.959999999999997,BLOCKS,
2025-12-13 13:39:48,Xitsongalo,SELL,COBBLED_DEEPSLATE,41,42.2557275,BLOCKS,
2025-12-13 13:39:50,Xitsongalo,SELL,ARROW,1,0.3498425,TOOLS,
2025-12-13 13:39:51,Xitsongalo,SELL,BONE,2,2.7974799999999997,MISC,
2025-12-13 13:39:54,Xitsongalo,SELL,AMETHYST_BLOCK,56,58.799999999999976,MISC,
2025-12-13 13:39:55,Xitsongalo,SELL,CALCITE,58,8.119999999999997,BLOCKS,
2025-12-13 13:39:56,Xitsongalo,SELL,TUFF,20,13.873999999999999,BLOCKS,
2025-12-13 13:39:58,Xitsongalo,SELL,RAW_IRON,46,130.64646986182774,MISC,
2025-12-13 13:43:39,Xitsongalo,SELL,COBBLESTONE,64,43.50975999999999,BLOCKS,
2025-12-13 13:43:40,Xitsongalo,SELL,COBBLESTONE,64,40.92928,BLOCKS,
2025-12-13 13:43:41,Xitsongalo,SELL,COBBLED_DEEPSLATE,13,13.0664625,BLOCKS,
2025-12-13 13:43:42,Xitsongalo,SELL,CALCITE,64,8.959999999999997,BLOCKS,
2025-12-13 13:43:42,Xitsongalo,SELL,CALCITE,64,8.959999999999997,BLOCKS,
2025-12-13 13:43:42,Xitsongalo,SELL,CALCITE,64,8.959999999999997,BLOCKS,
2025-12-13 13:43:42,Xitsongalo,SELL,ANDESITE,1,0.699685,BLOCKS,
2025-12-13 13:43:43,Xitsongalo,SELL,AMETHYST_SHARD,6,29.6394,MISC,
2025-12-13 13:43:45,Xitsongalo,SELL,AMETHYST_BLOCK,41,43.04999999999998,MISC,
2025-12-13 13:43:45,Xitsongalo,SELL,AMETHYST_BLOCK,41,43.04999999999998,MISC,
2025-12-13 13:43:45,Xitsongalo,SELL,AMETHYST_BLOCK,23,24.149999999999995,MISC,
2025-12-13 13:43:45,Xitsongalo,SELL,CALCITE,1,0.13999999999999996,BLOCKS,
2025-12-13 13:43:46,Xitsongalo,SELL,COBBLESTONE,9,5.548725,BLOCKS,
2025-12-13 13:43:49,Xitsongalo,SELL,GRANITE,25,17.303124999999998,BLOCKS,
2025-12-13 13:48:25,Xitsongalo,SELL,CALCITE,64,8.959999999999997,BLOCKS,
2025-12-13 13:48:26,Xitsongalo,SELL,AMETHYST_BLOCK,64,67.19999999999997,MISC,
2025-12-13 13:48:28,Xitsongalo,SELL,AMETHYST_BLOCK,64,67.19999999999997,MISC,
2025-12-13 13:48:29,Xitsongalo,SELL,CALCITE,64,8.959999999999997,BLOCKS,
2025-12-13 13:48:29,Xitsongalo,SELL,AMETHYST_SHARD,14,68.27659999999999,MISC,
2025-12-13 13:48:31,Xitsongalo,SELL,ANDESITE,1,0.699055,BLOCKS,
2025-12-13 13:48:31,Xitsongalo,SELL,ANDESITE,1,0.698425,BLOCKS,
2025-12-13 13:48:31,Xitsongalo,SELL,ANDESITE,1,0.6977949999999999,BLOCKS,
2025-12-13 13:48:31,Xitsongalo,SELL,ANDESITE,1,0.6971649999999999,BLOCKS,
2025-12-13 13:48:31,Xitsongalo,SELL,COBBLESTONE,1,0.6133749999999999,BLOCKS,
2025-12-13 13:48:32,Xitsongalo,SELL,COBBLESTONE,1,0.612745,BLOCKS,
2025-12-13 13:48:32,Xitsongalo,SELL,CALCITE,1,0.13999999999999996,BLOCKS,
2025-12-13 13:48:32,Xitsongalo,SELL,COBBLESTONE,1,0.612115,BLOCKS,
2025-12-13 13:48:32,Xitsongalo,SELL,COBBLESTONE,1,0.611485,BLOCKS,
2025-12-13 13:48:33,Xitsongalo,SELL,COBBLESTONE,1,0.6108549999999999,BLOCKS,
2025-12-13 13:48:33,Xitsongalo,SELL,AMETHYST_BLOCK,1,1.0499999999999996,MISC,
2025-12-13 13:48:33,Xitsongalo,SELL,CALCITE,1,0.13999999999999996,BLOCKS,
2025-12-13 13:48:33,Xitsongalo,SELL,CALCITE,1,0.13999999999999996,BLOCKS,
2025-12-13 13:48:33,Xitsongalo,SELL,CALCITE,1,0.13999999999999996,BLOCKS,
2025-12-13 13:48:34,Xitsongalo,SELL,CALCITE,1,0.13999999999999996,BLOCKS,
2025-12-13 13:48:34,Xitsongalo,SELL,CALCITE,1,0.13999999999999996,BLOCKS,
2025-12-13 13:48:34,Xitsongalo,SELL,CALCITE,1,0.13999999999999996,BLOCKS,
2025-12-13 13:48:34,Xitsongalo,SELL,CALCITE,1,0.13999999999999996,BLOCKS,
2025-12-13 13:48:34,Xitsongalo,SELL,CALCITE,1,0.13999999999999996,BLOCKS,
2025-12-13 13:48:35,Xitsongalo,SELL,CALCITE,1,0.13999999999999996,BLOCKS,
2025-12-13 13:48:35,Xitsongalo,SELL,CALCITE,1,0.13999999999999996,BLOCKS,
2025-12-13 13:48:37,Xitsongalo,SELL,CALCITE,43,6.019999999999998,BLOCKS,
2025-12-13 13:48:39,Xitsongalo,SELL,CALCITE,43,6.019999999999998,BLOCKS,
2025-12-13 13:48:39,Xitsongalo,SELL,CALCITE,10,1.3999999999999997,BLOCKS,
2025-12-13 13:48:40,Xitsongalo,SELL,COBBLESTONE,64,37.78432,BLOCKS,
2025-12-13 13:48:41,Xitsongalo,SELL,COBBLESTONE,64,35.20383999999999,BLOCKS,
2025-12-13 13:48:41,Xitsongalo,SELL,COBBLESTONE,59,30.167585,BLOCKS,
2025-12-13 13:48:42,Xitsongalo,SELL,COBBLESTONE,64,30.24448,BLOCKS,
2025-12-13 13:48:43,Xitsongalo,SELL,DIORITE,28,19.35304,BLOCKS,
2025-12-13 13:48:44,Xitsongalo,SELL,ANDESITE,15,10.381874999999999,BLOCKS,
2025-12-13 13:48:45,Xitsongalo,SELL,COBBLESTONE,37,16.307934999999997,BLOCKS,
2025-12-13 13:48:45,Xitsongalo,SELL,AMETHYST_BLOCK,48,50.39999999999998,MISC,
2025-12-13 13:52:22,Xitsongalo,BUY,CHERRY_SAPLING,1,2.049593431428787,FARMING,
2025-12-13 13:59:10,Xitsongalo,BUY,NETHERITE_CHESTPLATE,1,860.8292412000897,ARMOR,
2025-12-13 13:59:21,Xitsongalo,BUY,NETHERITE_HELMET,1,538.0182757500561,ARMOR,
2025-12-13 15:13:11,Xitsongalo,SELL,CALCITE,15,2.099999999999999,BLOCKS,
2025-12-13 15:13:12,Xitsongalo,SELL,CALCITE,64,8.959999999999997,BLOCKS,
2025-12-13 15:13:12,Xitsongalo,SELL,CALCITE,49,6.859999999999998,BLOCKS,
2025-12-13 15:13:12,Xitsongalo,SELL,AMETHYST_BLOCK,64,67.19999999999997,MISC,
2025-12-13 15:13:12,Xitsongalo,SELL,AMETHYST_BLOCK,64,67.19999999999997,MISC,
2025-12-13 15:13:13,Xitsongalo,SELL,AMETHYST_SHARD,26,123.52339999999998,MISC,
2025-12-13 15:13:14,Xitsongalo,SELL,AMETHYST_BLOCK,54,56.699999999999974,MISC,
2025-12-13 15:13:15,Xitsongalo,SELL,CALCITE,15,2.099999999999999,BLOCKS,
2025-12-13 15:13:16,Xitsongalo,SELL,CALCITE,64,8.959999999999997,BLOCKS,
2025-12-13 15:13:18,Xitsongalo,SELL,COBBLED_DEEPSLATE,54,52.56657,BLOCKS,
2025-12-13 15:13:44,Xitsongalo,SELL,GRANITE,4,2.73196,BLOCKS,
2025-12-13 15:13:45,Xitsongalo,SELL,STRING,1,1.39937,MISC,
2025-12-13 15:13:46,Xitsongalo,SELL,GLOW_INK_SAC,3,8.38866,MISC,
2025-12-13 15:13:46,Xitsongalo,SELL,ROTTEN_FLESH,8,5.25224,FOOD,
2025-12-13 15:13:47,Xitsongalo,SELL,TUFF,2,1.37354,BLOCKS,
2025-12-13 15:13:49,Xitsongalo,SELL,COBBLED_DEEPSLATE,64,58.73279999999999,BLOCKS,
2025-12-13 15:13:54,Xitsongalo,SELL,CALCITE,64,8.959999999999997,BLOCKS,
2025-12-13 15:13:54,Xitsongalo,SELL,AMETHYST_BLOCK,64,67.19999999999997,MISC,
2025-12-13 15:13:54,Xitsongalo,SELL,COBBLESTONE,37,15.445464999999999,BLOCKS,
2025-12-13 15:13:55,Xitsongalo,SELL,AMETHYST_BLOCK,64,67.19999999999997,MISC,
2025-12-13 15:38:13,.FannShizu,BUY,BEETROOT_SEEDS,1,0.5123983578571968,FARMING,
2025-12-13 16:14:40,.FannShizu,SELL,DIAMOND,1,69.8425,MISC,
2025-12-13 16:14:40,.FannShizu,SELL,DIAMOND,1,69.7795,MISC,
2025-12-13 16:14:40,.FannShizu,SELL,DIAMOND,1,69.7165,MISC,
2025-12-13 16:14:40,.FannShizu,SELL,DIAMOND,1,69.6535,MISC,
2025-12-13 16:14:40,.FannShizu,SELL,DIAMOND,1,69.59049999999999,MISC,
2025-12-13 16:22:07,Maul_FZC,SELL,GUNPOWDER,64,173.87776,MISC,
2025-12-13 16:22:08,Maul_FZC,SELL,GUNPOWDER,64,163.55584,MISC,
2025-12-13 16:22:08,Maul_FZC,SELL,GUNPOWDER,64,153.23391999999998,MISC,
2025-12-13 16:22:08,Maul_FZC,SELL,GUNPOWDER,10,23.010399999999997,MISC,
2025-12-13 16:22:56,.FannShizu,BUY,LEATHER,1,46.53533675429467,MISC,
2025-12-13 16:23:32,Maul_FZC,SELL,LEATHER,16,370.68935326881405,MISC,
2025-12-13 16:24:26,Maul_FZC,SELL,COOKED_BEEF,36,123.9588,FOOD,
2025-12-13 16:24:58,.FannShizu,SELL,DIAMOND,1,69.5275,MISC,
2025-12-13 16:25:01,.FannShizu,SELL,DIAMOND,1,69.4645,MISC,
2025-12-13 16:25:01,.FannShizu,SELL,DIAMOND,1,69.4015,MISC,
2025-12-13 16:25:01,.FannShizu,SELL,DIAMOND,1,69.3385,MISC,
2025-12-13 16:25:01,.FannShizu,SELL,DIAMOND,1,69.2755,MISC,
2025-12-13 16:25:01,.FannShizu,SELL,DIAMOND,1,69.21249999999999,MISC,
2025-12-13 16:25:01,.FannShizu,SELL,DIAMOND,1,69.14949999999999,MISC,
2025-12-13 16:25:01,.FannShizu,SELL,DIAMOND,1,69.08649999999999,MISC,
2025-12-13 16:25:01,.FannShizu,SELL,DIAMOND,1,69.0235,MISC,
2025-12-13 16:25:01,.FannShizu,SELL,DIAMOND,1,68.9605,MISC,
2025-12-13 16:25:01,.FannShizu,SELL,DIAMOND,1,68.8975,MISC,
2025-12-13 16:25:01,.FannShizu,SELL,DIAMOND,1,68.83449999999999,MISC,
2025-12-13 16:25:01,.FannShizu,SELL,DIAMOND,1,68.7715,MISC,
2025-12-13 16:25:01,.FannShizu,SELL,DIAMOND,1,68.7085,MISC,
2025-12-13 16:25:08,.FannShizu,SELL,DIAMOND,1,68.6455,MISC,
2025-12-13 16:25:08,.FannShizu,SELL,DIAMOND,1,68.5825,MISC,
2025-12-13 16:25:08,.FannShizu,SELL,DIAMOND,1,68.5195,MISC,
2025-12-13 16:25:08,.FannShizu,SELL,DIAMOND,1,68.45649999999999,MISC,
2025-12-13 16:25:08,.FannShizu,SELL,DIAMOND,1,68.39349999999999,MISC,
2025-12-13 16:25:08,.FannShizu,SELL,DIAMOND,1,68.33049999999999,MISC,
2025-12-13 16:25:08,.FannShizu,SELL,DIAMOND,1,68.26749999999998,MISC,
2025-12-13 16:25:08,.FannShizu,SELL,DIAMOND,1,68.2045,MISC,
2025-12-13 16:25:10,.FannShizu,SELL,DIAMOND,1,68.1415,MISC,
2025-12-13 16:25:13,.FannShizu,SELL,DIAMOND,1,68.07849999999999,MISC,
2025-12-13 16:25:17,.FannShizu,SELL,DIAMOND,1,68.0155,MISC,
2025-12-13 16:25:20,.FannShizu,SELL,DIAMOND,1,67.9525,MISC,
2025-12-13 16:25:20,.FannShizu,SELL,DIAMOND,1,67.8895,MISC,
2025-12-13 16:25:20,.FannShizu,SELL,DIAMOND,1,67.8265,MISC,
2025-12-13 16:25:20,.FannShizu,SELL,DIAMOND,1,67.7635,MISC,
2025-12-13 16:25:20,.FannShizu,SELL,DIAMOND,1,67.70049999999999,MISC,
2025-12-13 16:25:20,.FannShizu,SELL,DIAMOND,1,67.63749999999999,MISC,
2025-12-13 16:25:20,.FannShizu,SELL,DIAMOND,1,67.5745,MISC,
2025-12-13 16:25:22,.FannShizu,SELL,DIAMOND,1,67.5115,MISC,
2025-12-13 16:25:24,.FannShizu,SELL,DIAMOND,1,67.4485,MISC,
2025-12-13 16:27:47,.FannShizu,SELL,DIAMOND,1,67.3855,MISC,
2025-12-13 16:27:50,.FannShizu,SELL,DIAMOND,1,67.32249999999999,MISC,
2025-12-13 16:27:57,.FannShizu,SELL,DIAMOND,1,67.25949999999999,MISC,
2025-12-13 16:28:02,.FannShizu,SELL,DIAMOND,1,67.19649999999999,MISC,
2025-12-13 16:28:10,.FannShizu,SELL,DIAMOND,1,67.1335,MISC,
2025-12-13 16:28:17,.FannShizu,SELL,DIAMOND,1,67.07050000000001,MISC,
2025-12-13 16:28:18,.FannShizu,SELL,DIAMOND,1,67.00750000000001,MISC,
2025-12-13 16:28:21,.FannShizu,SELL,DIAMOND,1,66.9445,MISC,
2025-12-13 16:28:22,.FannShizu,SELL,DIAMOND,1,66.8815,MISC,
2025-12-13 16:28:24,.FannShizu,SELL,DIAMOND,1,66.8185,MISC,
2025-12-13 16:28:25,.FannShizu,SELL,DIAMOND,1,66.7555,MISC,
2025-12-13 16:28:27,.FannShizu,SELL,DIAMOND,1,66.6925,MISC,
2025-12-13 16:28:28,.FannShizu,SELL,DIAMOND,1,66.6295,MISC,
2025-12-13 16:28:30,.FannShizu,SELL,DIAMOND,1,66.56649999999999,MISC,
2025-12-13 16:28:32,.FannShizu,SELL,DIAMOND,1,66.50349999999999,MISC,
2025-12-13 16:28:33,.FannShizu,SELL,DIAMOND,1,66.4405,MISC,
2025-12-13 16:28:35,.FannShizu,SELL,DIAMOND,1,66.3775,MISC,
2025-12-13 16:28:36,.FannShizu,SELL,DIAMOND,1,66.3145,MISC,
2025-12-13 16:28:38,.FannShizu,SELL,DIAMOND,1,66.2515,MISC,
2025-12-13 16:28:39,.FannShizu,SELL,DIAMOND,1,66.1885,MISC,
2025-12-13 16:28:41,.FannShizu,SELL,DIAMOND,1,66.1255,MISC,
2025-12-13 16:28:42,.FannShizu,SELL,DIAMOND,1,66.0625,MISC,
2025-12-13 16:28:44,.FannShizu,SELL,DIAMOND,1,65.9995,MISC,
2025-12-13 16:28:45,.FannShizu,SELL,DIAMOND,1,65.9365,MISC,
2025-12-13 16:28:47,.FannShizu,SELL,DIAMOND,1,65.87349999999999,MISC,
2025-12-13 16:28:48,.FannShizu,SELL,DIAMOND,1,65.81049999999999,MISC,
2025-12-13 16:28:50,.FannShizu,SELL,DIAMOND,1,65.74749999999999,MISC,
2025-12-13 16:28:51,.FannShizu,SELL,DIAMOND,1,65.6845,MISC,
2025-12-13 16:28:53,.FannShizu,SELL,DIAMOND,1,65.6215,MISC,
2025-12-13 16:28:55,.FannShizu,SELL,DIAMOND,1,65.5585,MISC,
2025-12-13 16:28:56,.FannShizu,SELL,DIAMOND,1,65.49549999999999,MISC,
2025-12-13 16:28:58,.FannShizu,SELL,DIAMOND,1,65.43249999999999,MISC,
2025-12-13 16:28:59,.FannShizu,SELL,DIAMOND,1,65.36949999999999,MISC,
2025-12-13 16:29:01,.FannShizu,SELL,DIAMOND,1,65.30649999999999,MISC,
2025-12-13 16:29:02,.FannShizu,SELL,DIAMOND,1,65.2435,MISC,
2025-12-13 16:29:04,.FannShizu,SELL,DIAMOND,1,65.18050000000001,MISC,
2025-12-13 16:29:05,.FannShizu,SELL,DIAMOND,1,65.1175,MISC,
2025-12-13 16:29:07,.FannShizu,SELL,DIAMOND,1,65.0545,MISC,
2025-12-13 16:29:09,.FannShizu,SELL,DIAMOND,1,64.9915,MISC,
2025-12-13 16:29:11,.FannShizu,SELL,DIAMOND,1,64.9285,MISC,
2025-12-13 16:29:12,.FannShizu,SELL,DIAMOND,1,64.8655,MISC,
2025-12-13 16:29:14,.FannShizu,SELL,DIAMOND,1,64.8025,MISC,
2025-12-13 16:29:16,.FannShizu,SELL,DIAMOND,1,64.73949999999999,MISC,
2025-12-13 16:29:17,.FannShizu,SELL,DIAMOND,1,64.6765,MISC,
2025-12-13 16:29:19,.FannShizu,SELL,DIAMOND,1,64.6135,MISC,
2025-12-13 16:29:21,.FannShizu,SELL,DIAMOND,1,64.5505,MISC,
2025-12-13 16:29:22,.FannShizu,SELL,DIAMOND,1,64.4875,MISC,
2025-12-13 16:29:24,.FannShizu,SELL,DIAMOND,1,64.4245,MISC,
2025-12-13 16:29:26,.FannShizu,SELL,DIAMOND,1,64.36149999999999,MISC,
2025-12-13 16:29:28,.FannShizu,SELL,DIAMOND,1,64.2985,MISC,
2025-12-13 16:29:29,.FannShizu,SELL,DIAMOND,1,64.2355,MISC,
2025-12-13 16:29:32,.FannShizu,SELL,DIAMOND,1,64.1725,MISC,
2025-12-13 16:29:36,.FannShizu,SELL,DIAMOND,1,64.1095,MISC,
2025-12-13 16:29:38,.FannShizu,SELL,DIAMOND,1,64.0465,MISC,
2025-12-13 16:29:43,.FannShizu,SELL,DIAMOND,1,63.9835,MISC,
2025-12-13 16:29:45,.FannShizu,SELL,DIAMOND,1,63.9205,MISC,
2025-12-13 16:29:52,.FannShizu,SELL,DIAMOND,1,63.857499999999995,MISC,
2025-12-13 16:29:54,.FannShizu,SELL,DIAMOND,1,63.7945,MISC,
2025-12-13 16:29:55,.FannShizu,SELL,DIAMOND,1,63.7315,MISC,
2025-12-13 16:29:57,.FannShizu,SELL,DIAMOND,1,63.668499999999995,MISC,
2025-12-13 16:30:00,.FannShizu,SELL,DIAMOND,1,63.60549999999999,MISC,
2025-12-13 16:30:01,.FannShizu,SELL,DIAMOND,1,63.5425,MISC,
2025-12-13 16:31:10,Xitsongalo,SELL,COBBLED_DEEPSLATE,45,38.97888749999999,BLOCKS,
2025-12-13 16:31:10,Xitsongalo,SELL,TUFF,64,42.62272,BLOCKS,
2025-12-13 16:31:11,Xitsongalo,SELL,TUFF,64,40.04224,BLOCKS,
2025-12-13 16:31:13,Xitsongalo,SELL,TUFF,64,37.46176,BLOCKS,
2025-12-13 16:31:13,Xitsongalo,SELL,TUFF,64,34.88128,BLOCKS,
2025-12-13 16:31:14,Xitsongalo,SELL,TUFF,64,32.300799999999995,BLOCKS,
2025-12-13 16:31:14,Xitsongalo,SELL,TUFF,8,3.8561599999999996,BLOCKS,
2025-12-13 16:32:05,Xitsongalo,SELL,TUFF,55,25.419624999999996,BLOCKS,
2025-12-13 16:32:06,Xitsongalo,SELL,STRING,27,37.306709999999995,MISC,
2025-12-13 16:32:10,Xitsongalo,SELL,EMERALD,36,2231.2584,MISC,
2025-12-13 16:33:12,Xitsongalo,SELL,EMERALD,64,3785.2415999999994,MISC,
2025-12-13 16:33:13,Xitsongalo,SELL,LAPIS_LAZULI,64,130.52927999999997,MISC,
2025-12-13 16:33:14,Xitsongalo,SELL,LAPIS_LAZULI,64,122.78784,MISC,
2025-12-13 16:33:15,Xitsongalo,SELL,BRICK,64,65.26463999999999,BLOCKS,
2025-12-13 16:33:15,Xitsongalo,SELL,BRICK,6,5.920109999999999,BLOCKS,
2025-12-13 16:33:16,Xitsongalo,SELL,GLASS_BOTTLE,3,2.097165,MISC,
2025-12-13 16:33:20,Xitsongalo,SELL,TUFF_BRICKS,11,11.4928275,BLOCKS,
2025-12-13 16:33:20,Xitsongalo,SELL,POLISHED_TUFF,5,4.190549999999999,BLOCKS,
2025-12-13 16:33:21,Xitsongalo,SELL,TIPPED_ARROW,1,2.099055,TOOLS,
2025-12-13 16:33:27,Xitsongalo,SELL,SPIDER_EYE,6,8.37732,FOOD,
2025-12-13 16:36:07,Xitsongalo,SELL,COBBLED_DEEPSLATE,17,14.227342499999999,BLOCKS,
2025-12-13 16:42:36,.FannShizu,SELL,BONE,1,1.39685,MISC,
2025-12-13 16:42:39,.FannShizu,SELL,BONE,1,1.3955899999999999,MISC,
2025-12-13 16:42:41,.FannShizu,SELL,BONE,1,1.3943299999999998,MISC,
2025-12-13 16:42:41,.FannShizu,SELL,BONE,1,1.3930699999999998,MISC,
2025-12-13 16:42:41,.FannShizu,SELL,BONE,1,1.39181,MISC,
2025-12-13 16:42:41,.FannShizu,SELL,BONE,1,1.39055,MISC,
2025-12-13 16:42:41,.FannShizu,SELL,BONE,1,1.38929,MISC,
2025-12-13 16:42:41,.FannShizu,SELL,BONE,1,1.38803,MISC,
2025-12-13 16:42:41,.FannShizu,SELL,BONE,1,1.38677,MISC,
2025-12-13 16:42:41,.FannShizu,SELL,BONE,1,1.38551,MISC,
2025-12-13 16:42:41,.FannShizu,SELL,BONE,1,1.38425,MISC,
2025-12-13 16:42:41,.FannShizu,SELL,BONE,1,1.38299,MISC,
2025-12-13 16:42:41,.FannShizu,SELL,BONE,1,1.38173,MISC,
2025-12-13 16:42:41,.FannShizu,SELL,BONE,1,1.3804699999999999,MISC,
2025-12-13 16:42:41,.FannShizu,SELL,BONE,1,1.3792099999999998,MISC,
2025-12-13 16:42:44,.FannShizu,SELL,BONE,1,1.3779499999999998,MISC,
2025-12-13 16:42:46,.FannShizu,SELL,BONE,1,1.3766899999999997,MISC,
2025-12-13 16:42:46,.FannShizu,SELL,BONE,1,1.37543,MISC,
2025-12-13 16:42:46,.FannShizu,SELL,BONE,1,1.37417,MISC,
2025-12-13 16:42:46,.FannShizu,SELL,BONE,1,1.3729099999999999,MISC,
2025-12-13 16:42:46,.FannShizu,SELL,BONE,1,1.37165,MISC,
2025-12-13 16:42:48,.FannShizu,SELL,BONE,1,1.37039,MISC,
2025-12-13 16:42:48,.FannShizu,SELL,BONE,1,1.36913,MISC,
2025-12-13 16:42:48,.FannShizu,SELL,BONE,1,1.36787,MISC,
2025-12-13 16:42:48,.FannShizu,SELL,BONE,1,1.3666099999999999,MISC,
2025-12-13 16:42:48,.FannShizu,SELL,BONE,1,1.3653499999999998,MISC,
2025-12-13 16:42:48,.FannShizu,SELL,BONE,1,1.36409,MISC,
2025-12-13 16:42:48,.FannShizu,SELL,BONE,1,1.36283,MISC,
2025-12-13 16:42:48,.FannShizu,SELL,BONE,1,1.36157,MISC,
2025-12-13 16:42:48,.FannShizu,SELL,BONE,1,1.36031,MISC,
2025-12-13 16:42:48,.FannShizu,SELL,BONE,1,1.3590499999999999,MISC,
2025-12-13 16:42:48,.FannShizu,SELL,BONE,1,1.3577899999999998,MISC,
2025-12-13 16:42:48,.FannShizu,SELL,BONE,1,1.3565299999999998,MISC,
2025-12-13 16:42:48,.FannShizu,SELL,BONE,1,1.35527,MISC,
2025-12-13 16:42:48,.FannShizu,SELL,BONE,1,1.35401,MISC,
2025-12-13 16:42:48,.FannShizu,SELL,BONE,1,1.35275,MISC,
2025-12-13 16:42:50,.FannShizu,SELL,BONE,1,1.35149,MISC,
2025-12-13 16:42:50,.FannShizu,SELL,BONE,1,1.35023,MISC,
2025-12-13 16:42:50,.FannShizu,SELL,BONE,1,1.34897,MISC,
2025-12-13 16:42:50,.FannShizu,SELL,BONE,1,1.34771,MISC,
2025-12-13 16:42:50,.FannShizu,SELL,BONE,1,1.34645,MISC,
2025-12-13 16:42:50,.FannShizu,SELL,BONE,1,1.3451899999999999,MISC,
2025-12-13 16:42:50,.FannShizu,SELL,BONE,1,1.3439299999999998,MISC,
2025-12-13 16:42:50,.FannShizu,SELL,BONE,1,1.3426699999999998,MISC,
2025-12-13 16:42:50,.FannShizu,SELL,BONE,1,1.34141,MISC,
2025-12-13 16:42:50,.FannShizu,SELL,BONE,1,1.34015,MISC,
2025-12-13 16:42:50,.FannShizu,SELL,BONE,1,1.33889,MISC,
2025-12-13 16:42:51,.FannShizu,SELL,BONE,1,1.3376299999999999,MISC,
2025-12-13 16:42:53,.FannShizu,SELL,BONE,1,1.3363699999999998,MISC,
2025-12-13 16:42:55,.FannShizu,SELL,BONE,1,1.33511,MISC,
2025-12-13 16:42:57,.FannShizu,SELL,BONE,1,1.33385,MISC,
2025-12-13 16:42:57,.FannShizu,SELL,BONE,1,1.33259,MISC,
2025-12-13 16:42:57,.FannShizu,SELL,BONE,1,1.33133,MISC,
2025-12-13 16:42:57,.FannShizu,SELL,BONE,1,1.3300699999999999,MISC,
2025-12-13 16:42:57,.FannShizu,SELL,BONE,1,1.32881,MISC,
2025-12-13 16:42:57,.FannShizu,SELL,BONE,1,1.32755,MISC,
2025-12-13 16:42:57,.FannShizu,SELL,BONE,1,1.32629,MISC,
2025-12-13 16:42:57,.FannShizu,SELL,BONE,1,1.32503,MISC,
2025-12-13 16:42:57,.FannShizu,SELL,BONE,1,1.32377,MISC,
2025-12-13 16:43:18,.FannShizu,SELL,BONE,1,1.3225099999999999,MISC,
2025-12-13 16:43:18,.FannShizu,SELL,BONE,1,1.3212499999999998,MISC,
2025-12-13 16:43:18,.FannShizu,SELL,BONE,1,1.3199899999999998,MISC,
2025-12-13 16:43:18,.FannShizu,SELL,BONE,1,1.31873,MISC,
2025-12-13 16:43:18,.FannShizu,SELL,BONE,1,1.31747,MISC,
2025-12-13 16:43:18,.FannShizu,SELL,BONE,1,1.3162099999999999,MISC,
2025-12-13 16:43:18,.FannShizu,SELL,BONE,1,1.31495,MISC,
2025-12-13 16:43:18,.FannShizu,SELL,BONE,1,1.31369,MISC,
2025-12-13 16:43:18,.FannShizu,SELL,BONE,1,1.31243,MISC,
2025-12-13 16:43:18,.FannShizu,SELL,BONE,1,1.31117,MISC,
2025-12-13 16:43:18,.FannShizu,SELL,BONE,1,1.30991,MISC,
2025-12-13 16:43:18,.FannShizu,SELL,BONE,1,1.3086499999999999,MISC,
2025-12-13 16:43:20,.FannShizu,SELL,BONE,1,1.3073899999999998,MISC,
2025-12-13 16:43:20,.FannShizu,SELL,BONE,1,1.3061299999999998,MISC,
2025-12-13 16:43:20,.FannShizu,SELL,BONE,1,1.30487,MISC,
2025-12-13 16:43:20,.FannShizu,SELL,BONE,1,1.30361,MISC,
2025-12-13 16:43:20,.FannShizu,SELL,BONE,1,1.30235,MISC,
2025-12-13 16:43:20,.FannShizu,SELL,BONE,1,1.3010899999999999,MISC,
2025-12-13 16:43:20,.FannShizu,SELL,BONE,1,1.2998299999999998,MISC,
2025-12-13 16:43:20,.FannShizu,SELL,BONE,1,1.29857,MISC,
2025-12-13 16:43:20,.FannShizu,SELL,BONE,1,1.29731,MISC,
2025-12-13 16:43:21,.FannShizu,SELL,BONE,1,1.29605,MISC,
2025-12-13 16:43:22,.FannShizu,SELL,BONE,1,1.2947899999999999,MISC,
2025-12-13 16:43:24,.FannShizu,SELL,BONE,1,1.29353,MISC,
2025-12-13 16:43:24,.FannShizu,SELL,BONE,1,1.29227,MISC,
2025-12-13 16:43:24,.FannShizu,SELL,BONE,1,1.29101,MISC,
2025-12-13 16:43:24,.FannShizu,SELL,BONE,1,1.28975,MISC,
2025-12-13 16:43:24,.FannShizu,SELL,BONE,1,1.28849,MISC,
2025-12-13 16:43:24,.FannShizu,SELL,BONE,1,1.2872299999999999,MISC,
2025-12-13 16:43:24,.FannShizu,SELL,BONE,1,1.2859699999999998,MISC,
2025-12-13 16:43:24,.FannShizu,SELL,BONE,1,1.2847099999999998,MISC,
2025-12-13 16:43:24,.FannShizu,SELL,BONE,1,1.2834499999999998,MISC,
2025-12-13 16:43:25,.FannShizu,SELL,BONE,1,1.28219,MISC,
2025-12-13 16:43:25,.FannShizu,SELL,BONE,1,1.28093,MISC,
2025-12-13 16:43:25,.FannShizu,SELL,BONE,1,1.2796699999999999,MISC,
2025-12-13 16:43:25,.FannShizu,SELL,BONE,1,1.27841,MISC,
2025-12-13 16:43:25,.FannShizu,SELL,BONE,1,1.27715,MISC,
2025-12-13 16:43:25,.FannShizu,SELL,BONE,1,1.27589,MISC,
2025-12-13 16:43:25,.FannShizu,SELL,BONE,1,1.27463,MISC,
2025-12-13 16:43:25,.FannShizu,SELL,BONE,1,1.27337,MISC,
2025-12-13 16:43:25,.FannShizu,SELL,BONE,1,1.2721099999999999,MISC,
2025-12-13 16:43:25,.FannShizu,SELL,BONE,1,1.27085,MISC,
2025-12-13 16:43:25,.FannShizu,SELL,BONE,1,1.2695899999999998,MISC,
2025-12-13 16:43:27,.FannShizu,SELL,BONE,1,1.26833,MISC,
2025-12-13 16:43:27,.FannShizu,SELL,BONE,1,1.26707,MISC,
2025-12-13 16:43:27,.FannShizu,SELL,BONE,1,1.2658099999999999,MISC,
2025-12-13 16:43:27,.FannShizu,SELL,BONE,1,1.2645499999999998,MISC,
2025-12-13 16:43:27,.FannShizu,SELL,BONE,1,1.2632899999999998,MISC,
2025-12-13 16:43:27,.FannShizu,SELL,BONE,1,1.26203,MISC,
2025-12-13 16:43:27,.FannShizu,SELL,BONE,1,1.26077,MISC,
2025-12-13 16:43:30,.FannShizu,SELL,BONE,1,1.25951,MISC,
2025-12-13 16:43:30,.FannShizu,SELL,BONE,1,1.2582499999999999,MISC,
2025-12-13 16:43:30,.FannShizu,SELL,BONE,1,1.25699,MISC,
2025-12-13 16:43:30,.FannShizu,SELL,BONE,1,1.25573,MISC,
2025-12-13 16:43:33,.FannShizu,SELL,BONE,1,1.25447,MISC,
2025-12-13 16:43:33,.FannShizu,SELL,BONE,1,1.25321,MISC,
2025-12-13 16:43:33,.FannShizu,SELL,BONE,1,1.25195,MISC,
2025-12-13 16:43:33,.FannShizu,SELL,BONE,1,1.2506899999999999,MISC,
2025-12-13 16:43:33,.FannShizu,SELL,BONE,1,1.2494299999999998,MISC,
2025-12-13 16:43:33,.FannShizu,SELL,BONE,1,1.2481699999999998,MISC,
2025-12-13 16:43:33,.FannShizu,SELL,BONE,1,1.2469099999999997,MISC,
2025-12-13 16:43:33,.FannShizu,SELL,BONE,1,1.24565,MISC,
2025-12-13 16:43:33,.FannShizu,SELL,BONE,1,1.2443899999999999,MISC,
2025-12-13 16:43:34,.FannShizu,SELL,BONE,1,1.2431299999999998,MISC,
2025-12-13 16:43:34,.FannShizu,SELL,BONE,1,1.24187,MISC,
2025-12-13 16:43:34,.FannShizu,SELL,BONE,1,1.24061,MISC,
2025-12-13 16:43:34,.FannShizu,SELL,BONE,1,1.23935,MISC,
2025-12-13 16:43:34,.FannShizu,SELL,BONE,1,1.23809,MISC,
2025-12-13 16:43:34,.FannShizu,SELL,BONE,1,1.2368299999999999,MISC,
2025-12-13 16:43:34,.FannShizu,SELL,BONE,1,1.2355699999999998,MISC,
2025-12-13 16:43:34,.FannShizu,SELL,BONE,1,1.23431,MISC,
2025-12-13 16:43:34,.FannShizu,SELL,BONE,1,1.23305,MISC,
2025-12-13 16:43:34,.FannShizu,SELL,BONE,1,1.23179,MISC,
2025-12-13 16:43:34,.FannShizu,SELL,BONE,1,1.23053,MISC,
2025-12-13 16:43:34,.FannShizu,SELL,BONE,1,1.2292699999999999,MISC,
2025-12-13 16:43:36,.FannShizu,SELL,BONE,1,1.2280099999999998,MISC,
2025-12-13 16:43:36,.FannShizu,SELL,BONE,1,1.2267499999999998,MISC,
2025-12-13 16:43:36,.FannShizu,SELL,BONE,1,1.22549,MISC,
2025-12-13 16:43:36,.FannShizu,SELL,BONE,1,1.22423,MISC,
2025-12-13 16:43:36,.FannShizu,SELL,BONE,1,1.22297,MISC,
2025-12-13 16:43:36,.FannShizu,SELL,BONE,1,1.2217099999999999,MISC,
2025-12-13 16:43:36,.FannShizu,SELL,BONE,1,1.22045,MISC,
2025-12-13 16:43:36,.FannShizu,SELL,BONE,1,1.21919,MISC,
2025-12-13 16:43:36,.FannShizu,SELL,BONE,1,1.21793,MISC,
2025-12-13 16:43:37,.FannShizu,SELL,BONE,1,1.21667,MISC,
2025-12-13 16:43:37,.FannShizu,SELL,BONE,1,1.2154099999999999,MISC,
2025-12-13 16:43:37,.FannShizu,SELL,BONE,1,1.2141499999999998,MISC,
2025-12-13 16:43:37,.FannShizu,SELL,BONE,1,1.2128899999999998,MISC,
2025-12-13 16:43:37,.FannShizu,SELL,BONE,1,1.21163,MISC,
2025-12-13 16:43:40,.FannShizu,SELL,BONE,1,1.2103699999999997,MISC,
2025-12-13 16:43:40,.FannShizu,SELL,BONE,1,1.20911,MISC,
2025-12-13 16:43:40,.FannShizu,SELL,BONE,1,1.2078499999999999,MISC,
2025-12-13 16:43:42,.FannShizu,SELL,BONE,1,1.2065899999999998,MISC,
2025-12-13 16:43:42,.FannShizu,SELL,BONE,1,1.20533,MISC,
2025-12-13 16:43:42,.FannShizu,SELL,BONE,1,1.20407,MISC,
2025-12-13 16:43:42,.FannShizu,SELL,BONE,1,1.20281,MISC,
2025-12-13 16:43:42,.FannShizu,SELL,BONE,1,1.20155,MISC,
2025-12-13 16:43:42,.FannShizu,SELL,BONE,1,1.20029,MISC,
2025-12-13 16:43:42,.FannShizu,SELL,BONE,1,1.1990299999999998,MISC,
2025-12-13 16:43:42,.FannShizu,SELL,BONE,1,1.19777,MISC,
2025-12-13 16:43:42,.FannShizu,SELL,BONE,1,1.19651,MISC,
2025-12-13 16:43:43,.FannShizu,SELL,BONE,1,1.19525,MISC,
2025-12-13 16:43:43,.FannShizu,SELL,BONE,1,1.1939899999999999,MISC,
2025-12-13 16:43:43,.FannShizu,SELL,BONE,1,1.1927299999999998,MISC,
2025-12-13 16:43:43,.FannShizu,SELL,BONE,1,1.1914699999999998,MISC,
2025-12-13 16:43:43,.FannShizu,SELL,BONE,1,1.1902099999999998,MISC,
2025-12-13 16:43:43,.FannShizu,SELL,BONE,1,1.18895,MISC,
2025-12-13 16:43:43,.FannShizu,SELL,BONE,1,1.18769,MISC,
2025-12-13 16:43:43,.FannShizu,SELL,BONE,1,1.1864299999999999,MISC,
2025-12-13 16:43:43,.FannShizu,SELL,BONE,1,1.1851699999999998,MISC,
2025-12-13 16:43:43,.FannShizu,SELL,BONE,1,1.18391,MISC,
2025-12-13 16:43:43,.FannShizu,SELL,BONE,1,1.18265,MISC,
2025-12-13 16:43:43,.FannShizu,SELL,BONE,1,1.18139,MISC,
2025-12-13 16:43:43,.FannShizu,SELL,BONE,1,1.18013,MISC,
2025-12-13 16:43:43,.FannShizu,SELL,BONE,1,1.1788699999999999,MISC,
2025-12-13 16:43:45,.FannShizu,SELL,BONE,1,1.17761,MISC,
2025-12-13 16:43:45,.FannShizu,SELL,BONE,1,1.1763499999999998,MISC,
2025-12-13 16:43:45,.FannShizu,SELL,BONE,1,1.17509,MISC,
2025-12-13 16:43:45,.FannShizu,SELL,BONE,1,1.17383,MISC,
2025-12-13 16:43:45,.FannShizu,SELL,BONE,1,1.17257,MISC,
2025-12-13 16:43:45,.FannShizu,SELL,BONE,1,1.1713099999999999,MISC,
2025-12-13 16:43:45,.FannShizu,SELL,BONE,1,1.1700499999999998,MISC,
2025-12-13 16:43:46,.FannShizu,SELL,BONE,1,1.16879,MISC,
2025-12-13 16:43:48,.FannShizu,SELL,BONE,1,1.16753,MISC,
2025-12-13 16:43:48,.FannShizu,SELL,BONE,1,1.16627,MISC,
2025-12-13 16:43:48,.FannShizu,SELL,BONE,1,1.1650099999999999,MISC,
2025-12-13 16:43:48,.FannShizu,SELL,BONE,1,1.16375,MISC,
2025-12-13 16:43:48,.FannShizu,SELL,BONE,1,1.16249,MISC,
2025-12-13 16:43:50,.FannShizu,SELL,BONE,1,1.16123,MISC,
2025-12-13 16:43:50,.FannShizu,SELL,BONE,1,1.15997,MISC,
2025-12-13 16:43:50,.FannShizu,SELL,BONE,1,1.15871,MISC,
2025-12-13 16:43:50,.FannShizu,SELL,BONE,1,1.1574499999999999,MISC,
2025-12-13 16:43:50,.FannShizu,SELL,BONE,1,1.1561899999999998,MISC,
2025-12-13 16:43:50,.FannShizu,SELL,BONE,1,1.1549299999999998,MISC,
2025-12-13 16:43:52,.FannShizu,SELL,BONE,1,1.1536699999999998,MISC,
2025-12-13 16:43:52,.FannShizu,SELL,BONE,1,1.15241,MISC,
2025-12-13 16:43:52,.FannShizu,SELL,BONE,1,1.15115,MISC,
2025-12-13 16:43:52,.FannShizu,SELL,BONE,1,1.1498899999999999,MISC,
2025-12-13 16:43:52,.FannShizu,SELL,BONE,1,1.14863,MISC,
2025-12-13 16:43:52,.FannShizu,SELL,BONE,1,1.14737,MISC,
2025-12-13 16:43:52,.FannShizu,SELL,BONE,1,1.14611,MISC,
2025-12-13 16:43:52,.FannShizu,SELL,BONE,1,1.14485,MISC,
2025-12-13 16:43:52,.FannShizu,SELL,BONE,1,1.1435899999999999,MISC,
2025-12-13 16:43:52,.FannShizu,SELL,BONE,1,1.1423299999999998,MISC,
2025-12-13 16:43:54,.FannShizu,SELL,BONE,1,1.14107,MISC,
2025-12-13 16:43:54,.FannShizu,SELL,BONE,1,1.13981,MISC,
2025-12-13 16:43:54,.FannShizu,SELL,BONE,1,1.13855,MISC,
2025-12-13 16:43:54,.FannShizu,SELL,BONE,1,1.13729,MISC,
2025-12-13 16:43:54,.FannShizu,SELL,BONE,1,1.1360299999999999,MISC,
2025-12-13 16:43:55,.FannShizu,SELL,BONE,1,1.1347699999999998,MISC,
2025-12-13 16:43:55,.FannShizu,SELL,BONE,1,1.1335099999999998,MISC,
2025-12-13 16:43:55,.FannShizu,SELL,BONE,1,1.13225,MISC,
2025-12-13 16:43:55,.FannShizu,SELL,BONE,1,1.13099,MISC,
2025-12-13 16:43:57,.FannShizu,SELL,BONE,1,1.12973,MISC,
2025-12-13 16:43:57,.FannShizu,SELL,BONE,1,1.1284699999999999,MISC,
2025-12-13 16:43:57,.FannShizu,SELL,BONE,1,1.12721,MISC,
2025-12-13 16:43:57,.FannShizu,SELL,BONE,1,1.12595,MISC,
2025-12-13 16:43:57,.FannShizu,SELL,BONE,1,1.12469,MISC,
2025-12-13 16:43:57,.FannShizu,SELL,BONE,1,1.12343,MISC,
2025-12-13 16:43:57,.FannShizu,SELL,BONE,1,1.12217,MISC,
2025-12-13 16:43:57,.FannShizu,SELL,BONE,1,1.1209099999999999,MISC,
2025-12-13 16:43:59,.FannShizu,SELL,BONE,1,1.1196499999999998,MISC,
2025-12-13 16:43:59,.FannShizu,SELL,BONE,1,1.11839,MISC,
2025-12-13 16:43:59,.FannShizu,SELL,BONE,1,1.1171299999999997,MISC,
2025-12-13 16:43:59,.FannShizu,SELL,BONE,1,1.11587,MISC,
2025-12-13 16:43:59,.FannShizu,SELL,BONE,1,1.1146099999999999,MISC,
2025-12-13 16:43:59,.FannShizu,SELL,BONE,1,1.1133499999999998,MISC,
2025-12-13 16:43:59,.FannShizu,SELL,BONE,1,1.11209,MISC,
2025-12-13 16:43:59,.FannShizu,SELL,BONE,1,1.11083,MISC,
2025-12-13 16:43:59,.FannShizu,SELL,BONE,1,1.10957,MISC,
2025-12-13 16:44:01,.FannShizu,SELL,BONE,1,1.10831,MISC,
2025-12-13 16:44:01,.FannShizu,SELL,BONE,1,1.10705,MISC,
2025-12-13 16:44:01,.FannShizu,SELL,BONE,1,1.1057899999999998,MISC,
2025-12-13 16:44:01,.FannShizu,SELL,BONE,1,1.10453,MISC,
2025-12-13 16:44:02,.FannShizu,SELL,BONE,1,1.1032699999999998,MISC,
2025-12-13 16:44:02,.FannShizu,SELL,BONE,1,1.10201,MISC,
2025-12-13 16:44:02,.FannShizu,SELL,BONE,1,1.10075,MISC,
2025-12-13 16:44:02,.FannShizu,SELL,BONE,1,1.0994899999999999,MISC,
2025-12-13 16:44:02,.FannShizu,SELL,BONE,1,1.0982299999999998,MISC,
2025-12-13 16:44:02,.FannShizu,SELL,BONE,1,1.0969699999999998,MISC,
2025-12-13 16:44:02,.FannShizu,SELL,BONE,1,1.09571,MISC,
2025-12-13 16:44:02,.FannShizu,SELL,BONE,1,1.09445,MISC,
2025-12-13 16:44:02,.FannShizu,SELL,BONE,1,1.0931899999999999,MISC,
2025-12-13 16:44:02,.FannShizu,SELL,BONE,1,1.0919299999999998,MISC,
2025-12-13 16:44:02,.FannShizu,SELL,BONE,1,1.09067,MISC,
2025-12-13 16:44:02,.FannShizu,SELL,BONE,1,1.08941,MISC,
2025-12-13 16:44:04,.FannShizu,SELL,BONE,1,1.08815,MISC,
2025-12-13 16:44:04,.FannShizu,SELL,BONE,1,1.08689,MISC,
2025-12-13 16:44:04,.FannShizu,SELL,BONE,1,1.0856299999999999,MISC,
2025-12-13 16:44:04,.FannShizu,SELL,BONE,1,1.0843699999999998,MISC,
2025-12-13 16:44:04,.FannShizu,SELL,BONE,1,1.0831099999999998,MISC,
2025-12-13 16:44:04,.FannShizu,SELL,BONE,1,1.08185,MISC,
2025-12-13 16:44:04,.FannShizu,SELL,BONE,1,1.0805899999999997,MISC,
2025-12-13 16:44:04,.FannShizu,SELL,BONE,1,1.07933,MISC,
2025-12-13 16:44:04,.FannShizu,SELL,BONE,1,1.0780699999999999,MISC,
2025-12-13 16:44:06,.FannShizu,SELL,BONE,1,1.0768099999999998,MISC,
2025-12-13 16:44:08,.FannShizu,SELL,BONE,1,1.07555,MISC,
2025-12-13 16:44:08,.FannShizu,SELL,BONE,1,1.07429,MISC,
2025-12-13 16:44:08,.FannShizu,SELL,BONE,1,1.07303,MISC,
2025-12-13 16:44:08,.FannShizu,SELL,BONE,1,1.07177,MISC,
2025-12-13 16:44:08,.FannShizu,SELL,BONE,1,1.07051,MISC,
2025-12-13 16:44:08,.FannShizu,SELL,BONE,1,1.06925,MISC,
2025-12-13 16:44:10,.FannShizu,SELL,BONE,1,1.06799,MISC,
2025-12-13 16:44:10,.FannShizu,SELL,BONE,1,1.06673,MISC,
2025-12-13 16:44:10,.FannShizu,SELL,BONE,1,1.06547,MISC,
2025-12-13 16:44:10,.FannShizu,SELL,BONE,1,1.0642099999999999,MISC,
2025-12-13 16:44:10,.FannShizu,SELL,BONE,1,1.0629499999999998,MISC,
2025-12-13 16:44:10,.FannShizu,SELL,BONE,1,1.0616899999999998,MISC,
2025-12-13 16:44:10,.FannShizu,SELL,BONE,1,1.0604299999999998,MISC,
2025-12-13 16:44:10,.FannShizu,SELL,BONE,1,1.05917,MISC,
2025-12-13 16:44:10,.FannShizu,SELL,BONE,1,1.05791,MISC,
2025-12-13 16:44:10,.FannShizu,SELL,BONE,1,1.0566499999999999,MISC,
2025-12-13 16:44:10,.FannShizu,SELL,BONE,1,1.05539,MISC,
2025-12-13 16:44:12,.FannShizu,SELL,BONE,1,1.05413,MISC,
2025-12-13 16:44:12,.FannShizu,SELL,BONE,1,1.05287,MISC,
2025-12-13 16:44:12,.FannShizu,SELL,BONE,1,1.05161,MISC,
2025-12-13 16:44:12,.FannShizu,SELL,BONE,1,1.05035,MISC,
2025-12-13 16:44:12,.FannShizu,SELL,BONE,1,1.0490899999999999,MISC,
2025-12-13 16:44:12,.FannShizu,SELL,BONE,1,1.04783,MISC,
2025-12-13 16:44:12,.FannShizu,SELL,BONE,1,1.0465699999999998,MISC,
2025-12-13 16:44:12,.FannShizu,SELL,BONE,1,1.04531,MISC,
2025-12-13 16:44:12,.FannShizu,SELL,BONE,1,1.04405,MISC,
2025-12-13 16:44:12,.FannShizu,SELL,BONE,1,1.0427899999999999,MISC,
2025-12-13 16:44:14,.FannShizu,SELL,BONE,1,1.0415299999999998,MISC,
2025-12-13 16:44:14,.FannShizu,SELL,BONE,1,1.04027,MISC,
2025-12-13 16:44:14,.FannShizu,SELL,BONE,1,1.03901,MISC,
2025-12-13 16:44:14,.FannShizu,SELL,BONE,1,1.03775,MISC,
2025-12-13 16:44:14,.FannShizu,SELL,BONE,1,1.03649,MISC,
2025-12-13 16:44:14,.FannShizu,SELL,BONE,1,1.0352299999999999,MISC,
2025-12-13 16:44:14,.FannShizu,SELL,BONE,1,1.03397,MISC,
2025-12-13 16:44:14,.FannShizu,SELL,BONE,1,1.0327099999999998,MISC,
2025-12-13 16:44:14,.FannShizu,SELL,BONE,1,1.03145,MISC,
2025-12-13 16:44:14,.FannShizu,SELL,BONE,1,1.0301899999999997,MISC,
2025-12-13 16:44:14,.FannShizu,SELL,BONE,1,1.02893,MISC,
2025-12-13 16:44:15,.FannShizu,SELL,BONE,1,1.02767,MISC,
2025-12-13 16:44:15,.FannShizu,SELL,BONE,1,1.0264099999999998,MISC,
2025-12-13 16:44:15,.FannShizu,SELL,BONE,1,1.02515,MISC,
2025-12-13 16:44:15,.FannShizu,SELL,BONE,1,1.02389,MISC,
2025-12-13 16:44:15,.FannShizu,SELL,BONE,1,1.02263,MISC,
2025-12-13 16:44:15,.FannShizu,SELL,BONE,1,1.02137,MISC,
2025-12-13 16:44:15,.FannShizu,SELL,BONE,1,1.02011,MISC,
2025-12-13 16:44:15,.FannShizu,SELL,BONE,1,1.01885,MISC,
2025-12-13 16:44:15,.FannShizu,SELL,BONE,1,1.01759,MISC,
2025-12-13 16:44:15,.FannShizu,SELL,BONE,1,1.01633,MISC,
2025-12-13 16:44:15,.FannShizu,SELL,BONE,1,1.01507,MISC,
2025-12-13 16:44:17,.FannShizu,SELL,BONE,1,1.0138099999999999,MISC,
2025-12-13 16:44:17,.FannShizu,SELL,BONE,1,1.0125499999999998,MISC,
2025-12-13 16:44:17,.FannShizu,SELL,BONE,1,1.01129,MISC,
2025-12-13 16:44:17,.FannShizu,SELL,BONE,1,1.0100299999999998,MISC,
2025-12-13 16:44:17,.FannShizu,SELL,BONE,1,1.00877,MISC,
2025-12-13 16:44:17,.FannShizu,SELL,BONE,1,1.00751,MISC,
2025-12-13 16:44:17,.FannShizu,SELL,BONE,1,1.0062499999999999,MISC,
2025-12-13 16:44:17,.FannShizu,SELL,BONE,1,1.0049899999999998,MISC,
2025-12-13 16:44:17,.FannShizu,SELL,BONE,1,1.00373,MISC,
2025-12-13 16:44:18,.FannShizu,SELL,BONE,1,1.00247,MISC,
2025-12-13 16:44:18,.FannShizu,SELL,BONE,1,1.00121,MISC,
2025-12-13 16:44:18,.FannShizu,SELL,BONE,1,0.99995,MISC,
2025-12-13 16:44:18,.FannShizu,SELL,BONE,1,0.9986899999999999,MISC,
2025-12-13 16:44:18,.FannShizu,SELL,BONE,1,0.9974299999999999,MISC,
2025-12-13 16:44:18,.FannShizu,SELL,BONE,1,0.99617,MISC,
2025-12-13 16:44:18,.FannShizu,SELL,BONE,1,0.99491,MISC,
2025-12-13 16:44:18,.FannShizu,SELL,BONE,1,0.9936499999999999,MISC,
2025-12-13 16:44:18,.FannShizu,SELL,BONE,1,0.9923899999999999,MISC,
2025-12-13 16:44:18,.FannShizu,SELL,BONE,1,0.9911299999999998,MISC,
2025-12-13 16:44:18,.FannShizu,SELL,BONE,1,0.9898699999999999,MISC,
2025-12-13 16:44:18,.FannShizu,SELL,BONE,1,0.98861,MISC,
2025-12-13 16:44:18,.FannShizu,SELL,BONE,1,0.9873499999999998,MISC,
2025-12-13 16:44:18,.FannShizu,SELL,BONE,1,0.98609,MISC,
2025-12-13 16:44:18,.FannShizu,SELL,BONE,1,0.9848299999999998,MISC,
2025-12-13 16:44:20,.FannShizu,SELL,BONE,1,0.9835699999999999,MISC,
2025-12-13 16:44:20,.FannShizu,SELL,BONE,1,0.9823099999999999,MISC,
2025-12-13 16:44:20,.FannShizu,SELL,BONE,1,0.9810499999999999,MISC,
2025-12-13 16:44:20,.FannShizu,SELL,BONE,1,0.9797899999999999,MISC,
2025-12-13 16:44:20,.FannShizu,SELL,BONE,1,0.9785299999999999,MISC,
2025-12-13 16:44:20,.FannShizu,SELL,BONE,1,0.97727,MISC,
2025-12-13 16:44:20,.FannShizu,SELL,BONE,1,0.9760099999999998,MISC,
2025-12-13 16:44:20,.FannShizu,SELL,BONE,1,0.97475,MISC,
2025-12-13 16:44:20,.FannShizu,SELL,BONE,1,0.9734899999999999,MISC,
2025-12-13 16:44:20,.FannShizu,SELL,BONE,1,0.9722299999999999,MISC,
2025-12-13 16:44:20,.FannShizu,SELL,BONE,1,0.9709699999999999,MISC,
2025-12-13 16:44:20,.FannShizu,SELL,BONE,1,0.96971,MISC,
2025-12-13 16:44:20,.FannShizu,SELL,BONE,1,0.9684499999999999,MISC,
2025-12-13 16:44:21,.FannShizu,SELL,BONE,1,0.9671899999999999,MISC,
2025-12-13 16:44:22,.FannShizu,SELL,BONE,1,0.9659300000000001,MISC,
2025-12-13 16:44:24,.FannShizu,SELL,BONE,1,0.9646699999999998,MISC,
2025-12-13 16:44:24,.FannShizu,SELL,BONE,1,0.96341,MISC,
2025-12-13 16:44:24,.FannShizu,SELL,BONE,1,0.96215,MISC,
2025-12-13 16:44:24,.FannShizu,SELL,BONE,1,0.9608899999999999,MISC,
2025-12-13 16:44:24,.FannShizu,SELL,BONE,1,0.95963,MISC,
2025-12-13 16:44:24,.FannShizu,SELL,BONE,1,0.9583699999999999,MISC,
2025-12-13 16:44:24,.FannShizu,SELL,BONE,1,0.9571099999999999,MISC,
2025-12-13 16:44:24,.FannShizu,SELL,BONE,1,0.9558499999999999,MISC,
2025-12-13 16:44:25,.FannShizu,SELL,BONE,1,0.9545899999999998,MISC,
2025-12-13 16:44:26,.FannShizu,SELL,BONE,1,0.9533299999999999,MISC,
2025-12-13 16:44:26,.FannShizu,SELL,BONE,1,0.95207,MISC,
2025-12-13 16:44:26,.FannShizu,SELL,BONE,1,0.9508099999999998,MISC,
2025-12-13 16:44:26,.FannShizu,SELL,BONE,1,0.94955,MISC,
2025-12-13 16:44:26,.FannShizu,SELL,BONE,1,0.9482899999999997,MISC,
2025-12-13 16:44:28,.FannShizu,SELL,BONE,1,0.9470299999999999,MISC,
2025-12-13 16:44:28,.FannShizu,SELL,BONE,1,0.9457699999999999,MISC,
2025-12-13 16:44:29,.FannShizu,SELL,BONE,1,0.9445099999999998,MISC,
2025-12-13 16:44:34,.FannShizu,SELL,BONE,1,0.94325,MISC,
2025-12-13 16:44:37,.FannShizu,SELL,BONE,1,0.9419899999999999,MISC,
2025-12-13 16:44:40,.FannShizu,SELL,BONE,1,0.94073,MISC,
2025-12-13 16:44:40,.FannShizu,SELL,BONE,1,0.93947,MISC,
2025-12-13 16:44:40,.FannShizu,SELL,BONE,1,0.93821,MISC,
2025-12-13 16:44:40,.FannShizu,SELL,BONE,1,0.93695,MISC,
2025-12-13 16:44:42,.FannShizu,SELL,BONE,1,0.9356899999999999,MISC,
2025-12-13 16:44:42,.FannShizu,SELL,BONE,1,0.9344299999999999,MISC,
2025-12-13 16:44:42,.FannShizu,SELL,BONE,1,0.9331699999999999,MISC,
2025-12-13 16:44:42,.FannShizu,SELL,BONE,1,0.9319099999999999,MISC,
2025-12-13 16:44:42,.FannShizu,SELL,BONE,1,0.9306499999999999,MISC,
2025-12-13 16:44:42,.FannShizu,SELL,BONE,1,0.9293899999999998,MISC,
2025-12-13 16:44:44,.FannShizu,SELL,BONE,1,0.9281299999999998,MISC,
2025-12-13 16:44:44,.FannShizu,SELL,BONE,1,0.92687,MISC,
2025-12-13 16:44:44,.FannShizu,SELL,BONE,1,0.9256099999999998,MISC,
2025-12-13 16:44:44,.FannShizu,SELL,BONE,1,0.9243499999999999,MISC,
2025-12-13 16:44:44,.FannShizu,SELL,BONE,1,0.92309,MISC,
2025-12-13 16:44:45,.FannShizu,SELL,BONE,1,0.9218299999999999,MISC,
2025-12-13 16:44:45,.FannShizu,SELL,BONE,1,0.92057,MISC,
2025-12-13 16:44:46,.FannShizu,SELL,BONE,1,0.9193099999999998,MISC,
2025-12-13 16:44:46,.FannShizu,SELL,BONE,1,0.91805,MISC,
2025-12-13 16:44:46,.FannShizu,SELL,BONE,1,0.9167899999999999,MISC,
2025-12-13 16:44:46,.FannShizu,SELL,BONE,1,0.91553,MISC,
2025-12-13 16:44:46,.FannShizu,SELL,BONE,1,0.9142699999999999,MISC,
2025-12-13 16:44:50,.FannShizu,SELL,BONE,1,0.91301,MISC,
2025-12-13 16:44:50,.FannShizu,SELL,BONE,1,0.91175,MISC,
2025-12-13 16:44:50,.FannShizu,SELL,BONE,1,0.9104899999999999,MISC,
2025-12-13 16:44:50,.FannShizu,SELL,BONE,1,0.9092299999999999,MISC,
2025-12-13 16:44:50,.FannShizu,SELL,BONE,1,0.9079699999999998,MISC,
2025-12-13 16:44:50,.FannShizu,SELL,BONE,1,0.90671,MISC,
2025-12-13 16:44:50,.FannShizu,SELL,BONE,1,0.9054499999999999,MISC,
2025-12-13 16:44:50,.FannShizu,SELL,BONE,1,0.9041899999999999,MISC,
2025-12-13 16:44:51,.FannShizu,SELL,BONE,1,0.9029299999999998,MISC,
2025-12-13 16:44:51,.FannShizu,SELL,BONE,1,0.90167,MISC,
2025-12-13 16:44:51,.FannShizu,SELL,BONE,1,0.9004099999999999,MISC,
2025-12-13 16:44:51,.FannShizu,SELL,BONE,1,0.8991499999999999,MISC,
2025-12-13 16:44:51,.FannShizu,SELL,BONE,1,0.8978899999999999,MISC,
2025-12-13 16:44:51,.FannShizu,SELL,BONE,1,0.8966299999999999,MISC,
2025-12-13 16:44:51,.FannShizu,SELL,BONE,1,0.89537,MISC,
2025-12-13 16:47:28,.FannShizu,BUY,EGG,1,1.0247967157143936,FOOD,
2025-12-13 16:48:21,Ryu_Less,BUY,HAY_BLOCK,1,3.0743901471431805,FARMING,
2025-12-13 16:48:29,Ryu_Less,SELL,HAY_BLOCK,1,2.1520731030002263,FARMING,
2025-12-13 16:54:13,Xitsongalo,SELL,STRING,28,37.71824,MISC,
2025-12-13 16:54:14,Xitsongalo,SELL,ROTTEN_FLESH,14,9.0944,FOOD,
2025-12-13 16:54:14,Xitsongalo,SELL,SPIDER_EYE,10,13.8614,FOOD,
2025-12-13 16:54:15,Xitsongalo,SELL,BAKED_POTATO,17,35.426894999999995,FOOD,
2025-12-13 16:54:15,Xitsongalo,SELL,COOKED_BEEF,3,10.145624999999999,FOOD,
2025-12-13 17:14:20,.FannShizu,SELL,ARROW,1,0.3495275,TOOLS,
2025-12-13 17:14:20,.FannShizu,SELL,ARROW,1,0.3492125,TOOLS,
2025-12-13 17:14:20,.FannShizu,SELL,ARROW,1,0.34889749999999997,TOOLS,
2025-12-13 17:14:23,.FannShizu,SELL,ARROW,1,0.34858249999999996,TOOLS,
2025-12-13 17:14:23,.FannShizu,SELL,ARROW,1,0.34826749999999995,TOOLS,
2025-12-13 17:14:23,.FannShizu,SELL,ARROW,1,0.3479525,TOOLS,
2025-12-13 17:14:23,.FannShizu,SELL,ARROW,1,0.3476375,TOOLS,
2025-12-13 17:14:23,.FannShizu,SELL,ARROW,1,0.3473225,TOOLS,
2025-12-13 17:14:23,.FannShizu,SELL,ARROW,1,0.3470075,TOOLS,
2025-12-13 17:14:23,.FannShizu,SELL,ARROW,1,0.3466925,TOOLS,
2025-12-13 17:14:24,.FannShizu,SELL,ARROW,1,0.3463775,TOOLS,
2025-12-13 17:14:26,.FannShizu,SELL,ARROW,1,0.3460625,TOOLS,
2025-12-13 17:14:27,.FannShizu,SELL,ARROW,1,0.3457475,TOOLS,
2025-12-13 17:14:29,.FannShizu,SELL,ARROW,1,0.3454325,TOOLS,
2025-12-13 17:14:30,.FannShizu,SELL,ARROW,1,0.34511749999999997,TOOLS,
2025-12-13 17:14:32,.FannShizu,SELL,ARROW,1,0.34480249999999996,TOOLS,
2025-12-13 17:14:35,.FannShizu,SELL,ARROW,1,0.34448749999999995,TOOLS,
2025-12-13 17:14:36,.FannShizu,SELL,ARROW,1,0.34417249999999994,TOOLS,
2025-12-13 17:14:37,.FannShizu,SELL,ARROW,1,0.3438575,TOOLS,
2025-12-13 17:14:38,.FannShizu,SELL,ARROW,1,0.3435425,TOOLS,
2025-12-13 17:14:41,.FannShizu,SELL,ARROW,1,0.34322749999999996,TOOLS,
2025-12-13 17:14:42,.FannShizu,SELL,ARROW,1,0.3429125,TOOLS,
2025-12-13 17:14:44,.FannShizu,SELL,ARROW,1,0.3425975,TOOLS,
2025-12-13 17:14:45,.FannShizu,SELL,ARROW,1,0.3422825,TOOLS,
2025-12-13 17:14:46,.FannShizu,SELL,ARROW,1,0.3419675,TOOLS,
2025-12-13 17:14:47,.FannShizu,SELL,ARROW,1,0.34165249999999997,TOOLS,
2025-12-13 17:14:49,.FannShizu,SELL,ARROW,1,0.34133749999999996,TOOLS,
2025-12-13 17:14:50,.FannShizu,SELL,ARROW,1,0.3410225,TOOLS,
2025-12-13 17:14:51,.FannShizu,SELL,ARROW,1,0.3407075,TOOLS,
2025-12-13 17:14:53,.FannShizu,SELL,ARROW,1,0.3403925,TOOLS,
2025-12-13 17:14:57,.FannShizu,SELL,ARROW,1,0.3400775,TOOLS,
2025-12-13 17:14:57,.FannShizu,SELL,ARROW,1,0.33976249999999997,TOOLS,
2025-12-13 17:14:57,.FannShizu,SELL,ARROW,1,0.33944749999999996,TOOLS,
2025-12-13 17:15:00,.FannShizu,SELL,ARROW,1,0.33913249999999995,TOOLS,
2025-12-13 17:15:01,.FannShizu,SELL,ARROW,1,0.3388175,TOOLS,
2025-12-13 17:15:03,.FannShizu,SELL,ARROW,1,0.3385025,TOOLS,
2025-12-13 17:24:56,Maul_FZC,SELL,BREAD,64,130.52927999999997,FOOD,
2025-12-13 17:25:51,.FannShizu,SELL,LEATHER,1,14.922861762824535,MISC,
2025-12-13 17:25:51,.FannShizu,SELL,LEATHER,1,14.21224929792814,MISC,
2025-12-13 17:25:51,.FannShizu,SELL,LEATHER,1,13.535475521836322,MISC,
2025-12-13 17:25:51,.FannShizu,SELL,LEATHER,1,12.890929068415558,MISC,
2025-12-13 17:25:51,.FannShizu,SELL,LEATHER,1,12.277075303252868,MISC,
2025-12-13 17:25:51,.FannShizu,SELL,LEATHER,1,11.692452669764666,MISC,
2025-12-13 17:25:51,.FannShizu,SELL,LEATHER,1,11.135669209299706,MISC,
2025-12-13 17:25:56,.FannShizu,SELL,LEATHER,1,10.605399246952079,MISC,
2025-12-13 17:25:56,.FannShizu,SELL,LEATHER,1,10.100380235192448,MISC,
2025-12-13 17:25:56,.FannShizu,SELL,LEATHER,1,9.61940974780234,MISC,
2025-12-13 17:25:56,.FannShizu,SELL,LEATHER,1,9.161342616954599,MISC,
2025-12-13 17:25:56,.FannShizu,SELL,LEATHER,1,8.725088206623436,MISC,
2025-12-13 17:25:58,.FannShizu,SELL,LEATHER,1,8.309607815831841,MISC,
2025-12-13 17:25:58,.FannShizu,SELL,LEATHER,1,7.913912205554122,MISC,
2025-12-13 17:25:58,.FannShizu,SELL,LEATHER,1,7.537059243384899,MISC,
2025-12-13 17:26:01,.FannShizu,SELL,LEATHER,1,7.1781516603665665,MISC,
2025-12-13 17:26:02,.FannShizu,SELL,LEATHER,1,6.836334914634811,MISC,
2025-12-13 17:26:02,.FannShizu,SELL,LEATHER,1,6.510795156795071,MISC,
2025-12-13 17:26:04,.FannShizu,SELL,LEATHER,1,6.200757292185764,MISC,
2025-12-13 17:26:04,.FannShizu,SELL,LEATHER,1,5.905483135415022,MISC,
2025-12-13 17:26:04,.FannShizu,SELL,LEATHER,1,5.624269652776227,MISC,
2025-12-13 17:26:04,.FannShizu,SELL,LEATHER,1,5.356447288358299,MISC,
2025-12-13 17:26:06,.FannShizu,SELL,LEATHER,1,5.101378369865048,MISC,
2025-12-13 17:26:07,.FannShizu,SELL,LEATHER,1,4.858455590347658,MISC,
2025-12-13 17:26:07,.FannShizu,SELL,LEATHER,1,4.627100562235878,MISC,
2025-12-13 17:26:08,.FannShizu,SELL,LEATHER,1,4.4067624402246315,MISC,
2025-12-13 17:26:12,.FannShizu,SELL,LEATHER,1,4.196916609737748,MISC,
2025-12-13 17:26:13,.FannShizu,SELL,LEATHER,1,3.9970634378454775,MISC,
2025-12-13 17:26:15,.FannShizu,SELL,LEATHER,1,3.8067270836623632,MISC,
2025-12-13 17:26:17,.FannShizu,SELL,LEATHER,1,3.6254543653927134,MISC,
2025-12-13 17:26:22,Xitsongalo,SELL,BONE,48,41.495999999999995,MISC,
2025-12-13 17:26:23,Xitsongalo,SELL,BONE,64,42.728629999999995,MISC,
2025-12-13 17:26:24,.FannShizu,SELL,MUTTON,1,1.39937,FOOD,
2025-12-13 17:26:27,.FannShizu,SELL,BEEF,1,2.099055,FOOD,
2025-12-13 17:26:28,.FannShizu,SELL,BEEF,1,2.097165,FOOD,
2025-12-13 17:26:30,.FannShizu,SELL,BEEF,1,2.095275,FOOD,
2025-12-13 17:26:33,.FannShizu,SELL,BEEF,1,2.0933849999999996,FOOD,
2025-12-13 17:26:35,.FannShizu,SELL,BEEF,1,2.0914949999999997,FOOD,
2025-12-13 17:26:37,.FannShizu,SELL,BEEF,1,2.0896049999999997,FOOD,
2025-12-13 17:26:38,.FannShizu,SELL,BEEF,1,2.0877149999999998,FOOD,
2025-12-13 17:26:40,.FannShizu,SELL,BEEF,1,2.085825,FOOD,
2025-12-13 17:26:45,.FannShizu,SELL,BEEF,1,2.083935,FOOD,
2025-12-13 17:26:46,.FannShizu,SELL,BEEF,1,2.082045,FOOD,
2025-12-13 17:26:49,Xitsongalo,SELL,ARROW,64,21.00896,TOOLS,
2025-12-13 17:26:51,Xitsongalo,SELL,ARROW,51,15.817777499999998,TOOLS,
2025-12-13 17:26:52,Xitsongalo,SELL,ARROW,64,18.690559999999998,TOOLS,
2025-12-13 17:26:52,Xitsongalo,SELL,ARROW,64,17.400319999999997,TOOLS,
2025-12-13 17:26:52,Xitsongalo,SELL,ARROW,64,16.11008,TOOLS,
2025-12-13 17:26:52,Xitsongalo,SELL,ARROW,64,14.819839999999997,TOOLS,
2025-12-13 17:26:53,Xitsongalo,SELL,ARROW,64,13.529599999999999,TOOLS,
2025-12-13 17:26:53,Xitsongalo,SELL,ARROW,64,6.773479999999999,TOOLS,
2025-12-13 17:26:53,Xitsongalo,SELL,ARROW,64,2.2399999999999993,TOOLS,
2025-12-13 17:26:53,Xitsongalo,SELL,ARROW,64,2.2399999999999993,TOOLS,
2025-12-13 17:26:53,Xitsongalo,SELL,ARROW,13,0.4549999999999999,TOOLS,
2025-12-13 17:26:54,Xitsongalo,SELL,ARROW,64,2.2399999999999993,TOOLS,
2025-12-13 17:26:54,Xitsongalo,SELL,ARROW,64,2.2399999999999993,TOOLS,
2025-12-13 17:26:54,Xitsongalo,SELL,ARROW,51,1.7849999999999995,TOOLS,
2025-12-13 17:26:55,Xitsongalo,SELL,BONE,64,8.959999999999997,MISC,
2025-12-13 17:26:56,Xitsongalo,SELL,BONE,64,8.959999999999997,MISC,
2025-12-13 17:26:56,Xitsongalo,SELL,BONE,64,8.959999999999997,MISC,
2025-12-13 17:26:56,Xitsongalo,SELL,BONE,64,8.959999999999997,MISC,
2025-12-13 17:26:56,Xitsongalo,SELL,BONE,4,0.5599999999999998,MISC,
2025-12-13 17:26:56,Xitsongalo,SELL,BONE,4,0.5599999999999998,MISC,
2025-12-13 17:26:56,Xitsongalo,SELL,BONE,64,8.959999999999997,MISC,
2025-12-13 17:26:57,Xitsongalo,SELL,BONE,64,8.959999999999997,MISC,
2025-12-13 17:26:57,Xitsongalo,SELL,BONE,56,7.839999999999998,MISC,
2025-12-13 17:26:58,Xitsongalo,SELL,BONE,4,0.5599999999999998,MISC,
2025-12-13 17:26:58,Maul_FZC,SELL,AMETHYST_SHARD,64,285.9136,MISC,
2025-12-13 17:27:16,Xitsongalo,BUY,NETHERITE_UPGRADE_SMITHING_TEMPLATE,1,204.9593431428787,MISC,
2025-12-13 17:31:47,.FannShizu,BUY,NETHERITE_UPGRADE_SMITHING_TEMPLATE,1,215.2073103000224,MISC,
2025-12-13 17:32:57,Xitsongalo,SELL,TUFF,64,27.18016,BLOCKS,
2025-12-13 17:32:58,Xitsongalo,SELL,TUFF,64,14.547715,BLOCKS,
2025-12-13 17:32:58,Xitsongalo,SELL,TUFF,64,4.479999999999999,BLOCKS,
2025-12-13 17:32:59,Xitsongalo,SELL,COBBLED_DEEPSLATE,64,51.11231999999999,BLOCKS,
2025-12-13 17:33:00,Xitsongalo,SELL,COBBLED_DEEPSLATE,10,7.6366499999999995,BLOCKS,
2025-12-13 17:33:01,Xitsongalo,SELL,TUFF,49,3.429999999999999,BLOCKS,
2025-12-13 17:33:01,Xitsongalo,SELL,TUFF,15,1.0499999999999996,BLOCKS,
2025-12-13 17:33:02,Xitsongalo,SELL,TUFF,49,3.429999999999999,BLOCKS,
2025-12-13 17:35:06,Xitsongalo,SELL,NETHERRACK,64,20.92832,BLOCKS,
2025-12-13 17:35:07,Xitsongalo,SELL,NETHERRACK,64,19.63808,BLOCKS,
2025-12-13 17:35:07,Xitsongalo,SELL,NETHERRACK,64,18.347839999999998,BLOCKS,
2025-12-13 17:35:08,Xitsongalo,SELL,NETHERRACK,64,17.0576,BLOCKS,
2025-12-13 17:35:08,Xitsongalo,SELL,NETHERRACK,64,15.767359999999998,BLOCKS,
2025-12-13 17:35:08,Xitsongalo,SELL,NETHERRACK,64,14.47712,BLOCKS,
2025-12-13 17:35:08,Xitsongalo,SELL,NETHERRACK,64,13.186879999999999,BLOCKS,
2025-12-13 17:35:10,Xitsongalo,SELL,NETHERRACK,18,2.3815575,BLOCKS,
2025-12-13 17:35:10,Xitsongalo,SELL,NETHERRACK,18,0.6299999999999998,BLOCKS,
2025-12-13 17:35:10,Xitsongalo,SELL,NETHERRACK,18,0.6299999999999998,BLOCKS,
2025-12-13 17:35:11,Xitsongalo,SELL,NETHERRACK,18,0.6299999999999998,BLOCKS,
2025-12-13 17:35:11,Xitsongalo,SELL,NETHERRACK,18,0.6299999999999998,BLOCKS,
2025-12-13 17:35:11,Xitsongalo,SELL,NETHERRACK,18,0.6299999999999998,BLOCKS,
2025-12-13 17:35:11,Xitsongalo,SELL,NETHERRACK,18,0.6299999999999998,BLOCKS,
2025-12-13 17:35:11,Xitsongalo,SELL,NETHERRACK,18,0.6299999999999998,BLOCKS,
2025-12-13 17:35:13,Xitsongalo,SELL,NETHERRACK,18,0.6299999999999998,BLOCKS,
2025-12-13 17:35:13,Xitsongalo,SELL,NETHERRACK,18,0.6299999999999998,BLOCKS,
2025-12-13 17:35:13,Xitsongalo,SELL,NETHERRACK,18,0.6299999999999998,BLOCKS,
2025-12-13 17:35:13,Xitsongalo,SELL,NETHERRACK,18,0.6299999999999998,BLOCKS,
2025-12-13 17:35:14,Xitsongalo,SELL,NETHERRACK,64,2.2399999999999993,BLOCKS,
2025-12-13 17:35:14,Xitsongalo,SELL,NETHERRACK,64,2.2399999999999993,BLOCKS,
2025-12-13 17:35:14,Xitsongalo,SELL,NETHERRACK,64,2.2399999999999993,BLOCKS,
2025-12-13 17:35:15,Xitsongalo,SELL,NETHERRACK,64,2.2399999999999993,BLOCKS,
2025-12-13 17:35:20,Xitsongalo,SELL,NETHERRACK,40,1.3999999999999997,BLOCKS,
2025-12-13 17:35:20,Xitsongalo,SELL,NETHERRACK,18,0.6299999999999998,BLOCKS,
2025-12-13 17:35:22,Xitsongalo,SELL,QUARTZ,32,83.1488,MISC,
2025-12-13 17:37:40,Xitsongalo,SELL,BASALT,64,43.50975999999999,BLOCKS,
2025-12-13 17:37:41,Xitsongalo,SELL,BLACKSTONE,22,22.829729999999998,BLOCKS,
2025-12-13 17:37:41,Xitsongalo,SELL,BASALT,64,40.92928,BLOCKS,
2025-12-13 17:37:42,Xitsongalo,SELL,MAGMA_BLOCK,3,6.291494999999999,BLOCKS,
2025-12-13 17:37:42,Xitsongalo,SELL,NETHER_BRICKS,64,87.01951999999999,BLOCKS,
2025-12-13 17:37:42,Xitsongalo,SELL,NETHER_BRICK_FENCE,7,12.2114125,BLOCKS,
2025-12-13 17:37:43,Xitsongalo,SELL,BASALT,64,38.3488,BLOCKS,
2025-12-13 17:37:44,Xitsongalo,SELL,NETHER_BRICKS,57,73.15665,BLOCKS,
2025-12-13 17:37:44,Xitsongalo,SELL,BASALT,55,30.894324999999995,BLOCKS,
2025-12-13 17:37:45,Xitsongalo,SELL,NETHERRACK,64,2.2399999999999993,BLOCKS,
2025-12-13 17:37:46,Xitsongalo,SELL,SOUL_SAND,4,5.438719999999999,BLOCKS,
2025-12-13 17:37:46,Xitsongalo,SELL,NETHERRACK,64,2.2399999999999993,BLOCKS,
2025-12-13 17:37:47,Xitsongalo,SELL,QUARTZ,16,40.606719999999996,MISC,
2025-12-13 17:37:47,Xitsongalo,SELL,NETHERRACK,44,1.5399999999999994,BLOCKS,
2025-12-13 17:38:05,Xitsongalo,SELL,BASALT,17,9.163594999999999,BLOCKS,
2025-12-13 17:39:10,Xitsongalo,SELL,BASALT,64,32.86528,BLOCKS,
2025-12-13 17:39:11,Xitsongalo,SELL,NETHER_BRICKS,64,77.26208,BLOCKS,
2025-12-13 17:39:11,Xitsongalo,SELL,NETHER_BRICKS,64,72.10112,BLOCKS,
2025-12-13 17:39:13,Xitsongalo,SELL,BASALT,64,30.284799999999994,BLOCKS,
2025-12-13 17:39:13,Xitsongalo,SELL,BASALT,60,26.0484,BLOCKS,
2025-12-13 17:39:14,Xitsongalo,SELL,NETHER_BRICKS,26,27.816879999999998,BLOCKS,
2025-12-13 17:39:14,Xitsongalo,SELL,BASALT,60,20.045759999999998,BLOCKS,
2025-12-13 17:39:15,Xitsongalo,SELL,BASALT,60,4.199999999999998,BLOCKS,
2025-12-13 17:39:15,Xitsongalo,SELL,BASALT,8,0.5599999999999998,BLOCKS,
2025-12-13 17:39:16,Xitsongalo,SELL,NETHERRACK,12,0.4199999999999999,BLOCKS,
2025-12-13 17:39:17,Xitsongalo,SELL,NETHER_BRICK_FENCE,7,12.1342375,BLOCKS,
2025-12-13 17:43:15,Xitsongalo,SELL,COBBLESTONE,64,15.218034999999997,BLOCKS,
2025-12-13 17:43:15,Xitsongalo,SELL,GRANITE,64,42.34048,BLOCKS,
2025-12-13 17:43:16,Xitsongalo,SELL,GRANITE,64,39.76,BLOCKS,
2025-12-13 17:43:16,Xitsongalo,SELL,ARROW,2,0.06999999999999998,TOOLS,
2025-12-13 17:43:17,Xitsongalo,SELL,RAW_IRON,9,24.21342,MISC,
2025-12-13 17:43:17,Xitsongalo,SELL,GRANITE,64,37.17952,BLOCKS,
2025-12-13 17:43:18,Xitsongalo,SELL,DIORITE,64,42.380799999999994,BLOCKS,
2025-12-13 17:43:19,Xitsongalo,SELL,DIRT,41,16.624475,BLOCKS,
2025-12-13 17:43:20,Xitsongalo,SELL,COBBLESTONE,64,4.479999999999999,BLOCKS,
2025-12-13 17:43:20,Xitsongalo,SELL,COBBLESTONE,64,4.479999999999999,BLOCKS,
2025-12-13 17:43:20,Xitsongalo,SELL,COBBLESTONE,64,4.479999999999999,BLOCKS,
2025-12-13 17:43:21,Xitsongalo,SELL,DIORITE,48,30.092159999999996,BLOCKS,
2025-12-13 17:43:21,Xitsongalo,SELL,TORCH,1,0.699685,MISC,
2025-12-13 17:43:22,Xitsongalo,SELL,COBBLESTONE,64,4.479999999999999,BLOCKS,
2025-12-13 17:43:22,Xitsongalo,SELL,GRANITE,1,0.5604549999999999,BLOCKS,
2025-12-13 17:43:23,Xitsongalo,SELL,ANDESITE,28,19.000239999999998,BLOCKS,
2025-12-13 17:43:25,Xitsongalo,SELL,GRAVEL,13,9.046764999999999,BLOCKS,
2025-12-13 17:43:26,Xitsongalo,SELL,GRANITE,1,0.5598249999999999,BLOCKS,
2025-12-13 17:43:26,Xitsongalo,SELL,GRANITE,62,33.478759999999994,BLOCKS,
2025-12-13 17:43:27,Xitsongalo,SELL,GRANITE,1,0.520135,BLOCKS,
2025-12-13 17:43:33,Xitsongalo,SELL,ROTTEN_FLESH,1,0.644875,FOOD,
