2025-12-15 01:27:53,.FannShizu,BUY,ELYTRA,1,1076.0365515001122,ARMOR,
2025-12-15 01:28:15,.FannShizu,BUY,FIREWORK_ROCKET,1,5.123983578571968,MISC,
2025-12-15 01:28:16,.FannShizu,BUY,FIREWORK_ROCKET,1,5.3801827575005605,MISC,
2025-12-15 01:28:18,.FannShizu,BUY,FIREWORK_ROCKET,1,5.649191895375599,MISC,
2025-12-15 01:28:19,.FannShizu,BUY,FIREWORK_ROCKET,1,5.93165149014438,MISC,
2025-12-15 01:28:19,.FannShizu,BUY,FIREWORK_ROCKET,1,6.2282340646516,MISC,
2025-12-15 01:28:20,.FannShizu,BUY,FIREWORK_ROCKET,1,6.539645767884173,MISC,
2025-12-15 01:54:03,.FannShizu,BUY,FIREWORK_ROCKET,1,6.86662805627838,MISC,
2025-12-15 05:38:55,Maul_FZC,BUY,ANVIL,1,59.316514901443796,MISC,
2025-12-15 05:39:53,Maul_FZC,SELL,ROTTEN_FLESH,64,38.550399999999996,FOOD,
2025-12-15 05:39:53,Maul_FZC,SELL,ROTTEN_FLESH,64,35.969919999999995,FOOD,
2025-12-15 05:39:53,Maul_FZC,SELL,ROTTEN_FLESH,64,33.38943999999999,FOOD,
2025-12-15 05:39:54,Maul_FZC,SELL,ROTTEN_FLESH,64,30.808959999999995,FOOD,
2025-12-15 05:39:54,Maul_FZC,SELL,ROTTEN_FLESH,64,28.228479999999998,FOOD,
2025-12-15 05:39:54,Maul_FZC,SELL,ROTTEN_FLESH,64,23.458435,FOOD,
2025-12-15 05:39:54,Maul_FZC,SELL,ROTTEN_FLESH,64,4.479999999999999,FOOD,
2025-12-15 05:39:55,Maul_FZC,SELL,ROTTEN_FLESH,64,4.479999999999999,FOOD,
2025-12-15 05:39:55,Maul_FZC,SELL,ROTTEN_FLESH,64,4.479999999999999,FOOD,
2025-12-15 05:39:56,Maul_FZC,SELL,ROTTEN_FLESH,7,0.4899999999999999,FOOD,
2025-12-15 06:20:13,Maul_FZC,BUY,ELYTRA,1,1129.8383790751197,ARMOR,
2025-12-15 06:22:33,Maul_FZC,BUY,TRIDENT,1,129.12438618001346,TOOLS,
2025-12-15 06:24:42,Xitsongalo,SELL,NETHERRACK,64,2.2399999999999993,BLOCKS,
2025-12-15 06:24:42,Xitsongalo,SELL,NETHERRACK,64,2.2399999999999993,BLOCKS,
2025-12-15 06:24:43,Xitsongalo,SELL,NETHERRACK,64,2.2399999999999993,BLOCKS,
2025-12-15 06:24:44,Xitsongalo,SELL,NETHERRACK,64,2.2399999999999993,BLOCKS,
2025-12-15 06:24:44,Xitsongalo,SELL,NETHERRACK,64,2.2399999999999993,BLOCKS,
2025-12-15 06:24:45,Xitsongalo,SELL,NETHERRACK,64,2.2399999999999993,BLOCKS,
2025-12-15 06:24:45,Xitsongalo,SELL,NETHERRACK,64,2.2399999999999993,BLOCKS,
2025-12-15 06:24:45,Xitsongalo,SELL,NETHERRACK,64,2.2399999999999993,BLOCKS,
2025-12-15 06:24:47,Xitsongalo,SELL,GRAVEL,13,7.818265,BLOCKS,
2025-12-15 06:24:47,Xitsongalo,SELL,GRAVEL,13,7.7117949999999995,BLOCKS,
2025-12-15 06:24:48,Xitsongalo,SELL,GRAVEL,13,7.605325,BLOCKS,
2025-12-15 06:24:48,Xitsongalo,SELL,GRAVEL,13,7.498855,BLOCKS,
2025-12-15 06:24:49,Xitsongalo,SELL,GRAVEL,13,7.392384999999999,BLOCKS,
2025-12-15 06:24:49,Xitsongalo,SELL,GRAVEL,12,6.729239999999999,BLOCKS,
2025-12-15 06:24:51,Xitsongalo,SELL,BLACKSTONE,19,13.962007499999997,BLOCKS,
2025-12-15 06:24:52,Xitsongalo,SELL,QUARTZ,64,17.919999999999995,MISC,
2025-12-15 06:24:54,Xitsongalo,SELL,FLINT,1,0.6902349999999999,MISC,
2025-12-15 06:24:55,Xitsongalo,SELL,BONE,1,0.13999999999999996,MISC,
2025-12-15 06:24:56,Xitsongalo,SELL,FLINT,5,3.441725,MISC,
2025-12-15 06:25:00,Xitsongalo,SELL,BASALT,3,0.20999999999999994,BLOCKS,
2025-12-15 06:35:13,.FannShizu,BUY,GUNPOWDER,1,4.099186862857574,MISC,
2025-12-15 06:35:14,.FannShizu,BUY,GUNPOWDER,1,4.304146206000448,MISC,
2025-12-15 06:35:16,.FannShizu,BUY,GUNPOWDER,1,4.5193535163004785,MISC,
2025-12-15 06:35:16,.FannShizu,BUY,GUNPOWDER,1,4.745321192115504,MISC,
2025-12-15 06:35:17,.FannShizu,BUY,GUNPOWDER,1,4.98258725172128,MISC,
2025-12-15 06:35:17,.FannShizu,BUY,GUNPOWDER,1,5.231716614307338,MISC,
2025-12-15 06:42:41,Xitsongalo,SELL,STICK,56,3.7859360000000004,MISC,
2025-12-15 06:42:42,Xitsongalo,SELL,STICK,64,4.084864,MISC,
2025-12-15 06:42:42,Xitsongalo,SELL,STICK,8,0.492464,MISC,
2025-12-15 06:42:43,Xitsongalo,SELL,STICK,56,3.334352,MISC,
2025-12-15 06:48:53,Xitsongalo,BUY,DIAMOND_ORE,1,51.23983578571968,MISC,
2025-12-15 06:48:55,Xitsongalo,BUY,DIAMOND_ORE,1,53.8018275750056,MISC,
2025-12-15 06:49:01,Xitsongalo,BUY,DIAMOND_ORE,1,56.491918953755984,MISC,
2025-12-15 06:49:04,Xitsongalo,BUY,DIAMOND_ORE,1,59.316514901443796,MISC,
2025-12-15 06:49:06,Xitsongalo,BUY,DIAMOND_ORE,1,62.282340646516,MISC,
2025-12-15 07:01:43,Xitsongalo,SELL,TUFF,1,0.06999999999999998,BLOCKS,
2025-12-15 07:01:43,Xitsongalo,SELL,CHICKEN,1,1.39937,FOOD,
2025-12-15 07:01:44,Xitsongalo,SELL,TUFF,1,0.06999999999999998,BLOCKS,
2025-12-15 07:01:44,Xitsongalo,SELL,TUFF,1,0.06999999999999998,BLOCKS,
2025-12-15 07:01:44,Xitsongalo,SELL,TUFF,1,0.06999999999999998,BLOCKS,
2025-12-15 07:01:45,Xitsongalo,SELL,TUFF,1,0.06999999999999998,BLOCKS,
2025-12-15 07:01:46,Xitsongalo,SELL,TUFF,13,0.9099999999999998,BLOCKS,
2025-12-15 07:01:47,Xitsongalo,SELL,COBBLED_DEEPSLATE,5,3.1497374999999996,BLOCKS,
2025-12-15 07:01:47,Xitsongalo,SELL,COBBLED_DEEPSLATE,5,3.1261125,BLOCKS,
2025-12-15 07:01:47,Xitsongalo,SELL,COBBLED_DEEPSLATE,64,30.488639999999993,BLOCKS,
2025-12-15 07:01:47,Xitsongalo,SELL,COBBLED_DEEPSLATE,35,3.674999999999999,BLOCKS,
2025-12-15 07:01:48,Xitsongalo,SELL,ANDESITE,20,12.3746,BLOCKS,
2025-12-15 07:01:49,Xitsongalo,SELL,FEATHER,1,0.699685,MISC,
2025-12-15 07:01:49,Xitsongalo,SELL,BONE,1,0.13999999999999996,MISC,
2025-12-15 07:01:50,Xitsongalo,SELL,COBBLED_DEEPSLATE,5,0.5249999999999998,BLOCKS,
2025-12-15 08:22:08,.FannShizu,BUY,GUNPOWDER,1,5.493302445022703,MISC,
2025-12-15 08:22:09,.FannShizu,BUY,GUNPOWDER,1,5.76796756727384,MISC,
2025-12-15 08:22:09,.FannShizu,BUY,GUNPOWDER,1,6.056365945637533,MISC,
2025-12-15 08:22:10,.FannShizu,BUY,GUNPOWDER,1,6.359184242919404,MISC,
2025-12-15 08:22:10,.FannShizu,BUY,GUNPOWDER,1,6.677143455065384,MISC,
2025-12-15 08:35:42,.FannShizu,BUY,ARROW,1,0.04999999999999999,TOOLS,
2025-12-15 09:53:10,Maul_FZC,BUY,FIREWORK_ROCKET,1,7.2099594590923,MISC,
2025-12-15 09:53:10,Maul_FZC,BUY,FIREWORK_ROCKET,1,7.570457432046917,MISC,
2025-12-15 09:53:11,Maul_FZC,BUY,FIREWORK_ROCKET,1,7.948980303649255,MISC,
2025-12-15 09:53:11,Maul_FZC,BUY,FIREWORK_ROCKET,1,8.34642931883173,MISC,
2025-12-15 09:53:11,Maul_FZC,BUY,FIREWORK_ROCKET,1,8.763750784773322,MISC,
2025-12-15 09:53:12,Maul_FZC,BUY,FIREWORK_ROCKET,1,9.20193832401198,MISC,
2025-12-15 09:53:12,Maul_FZC,BUY,FIREWORK_ROCKET,1,9.662035240212589,MISC,
2025-12-15 09:53:13,Maul_FZC,BUY,FIREWORK_ROCKET,1,10.145137002223217,MISC,
2025-12-15 09:53:13,Maul_FZC,BUY,FIREWORK_ROCKET,1,10.652393852334335,MISC,
2025-12-15 09:53:13,Maul_FZC,BUY,FIREWORK_ROCKET,1,11.185013544951106,MISC,
2025-12-15 11:56:06,.FannShizu,SELL,DIAMOND,1,63.47949999999999,MISC,
2025-12-15 11:56:07,.FannShizu,SELL,DIAMOND,1,63.41649999999999,MISC,
2025-12-15 12:07:13,.FannShizu,BUY,SUGAR_CANE,1,0.82495,FARMING,
2025-12-15 12:07:13,.FannShizu,BUY,ACACIA_FENCE_GATE,1,2.049593431428787,WOOD,
2025-12-15 12:07:13,.FannShizu,BUY,SUGAR_CANE,1,0.82585,FARMING,
2025-12-15 12:44:38,Xitsongalo,BUY,SHULKER_SHELL,1,124.564681293032,MISC,
2025-12-15 12:44:38,Xitsongalo,BUY,SHULKER_SHELL,1,130.79291535768346,MISC,
2025-12-15 12:55:39,Xitsongalo,SELL,QUARTZ,64,17.919999999999995,MISC,
2025-12-15 12:55:39,Xitsongalo,SELL,QUARTZ,64,17.919999999999995,MISC,
2025-12-15 12:55:40,Xitsongalo,SELL,QUARTZ,64,17.919999999999995,MISC,
2025-12-15 12:55:40,Xitsongalo,SELL,QUARTZ,64,17.919999999999995,MISC,
2025-12-15 12:55:40,Xitsongalo,SELL,QUARTZ,64,17.919999999999995,MISC,
2025-12-15 12:55:40,Xitsongalo,SELL,QUARTZ,64,17.919999999999995,MISC,
2025-12-15 12:55:40,Xitsongalo,SELL,QUARTZ,64,17.919999999999995,MISC,
2025-12-15 12:55:40,Xitsongalo,SELL,QUARTZ,64,17.919999999999995,MISC,
2025-12-15 12:55:41,Xitsongalo,SELL,QUARTZ,64,17.919999999999995,MISC,
2025-12-15 12:55:41,Xitsongalo,SELL,QUARTZ,15,4.199999999999998,MISC,
2025-12-15 12:55:43,Xitsongalo,SELL,NETHERRACK,7,0.24499999999999994,BLOCKS,
2025-12-15 12:55:44,Xitsongalo,SELL,NETHERRACK,7,0.24499999999999994,BLOCKS,
2025-12-15 12:55:44,Xitsongalo,SELL,NETHERRACK,7,0.24499999999999994,BLOCKS,
2025-12-15 12:55:44,Xitsongalo,SELL,NETHERRACK,7,0.24499999999999994,BLOCKS,
2025-12-15 12:55:44,Xitsongalo,SELL,NETHERRACK,7,0.24499999999999994,BLOCKS,
2025-12-15 12:55:44,Xitsongalo,SELL,NETHERRACK,7,0.24499999999999994,BLOCKS,
2025-12-15 12:55:45,Xitsongalo,SELL,NETHERRACK,7,0.24499999999999994,BLOCKS,
2025-12-15 12:55:45,Xitsongalo,SELL,NETHERRACK,7,0.24499999999999994,BLOCKS,
2025-12-15 12:55:45,Xitsongalo,SELL,NETHERRACK,7,0.24499999999999994,BLOCKS,
2025-12-15 12:55:45,Xitsongalo,SELL,NETHERRACK,7,0.24499999999999994,BLOCKS,
2025-12-15 12:55:45,Xitsongalo,SELL,NETHERRACK,7,0.24499999999999994,BLOCKS,
2025-12-15 12:55:46,Xitsongalo,SELL,NETHERRACK,7,0.24499999999999994,BLOCKS,
2025-12-15 12:55:47,Xitsongalo,SELL,NETHERRACK,7,0.24499999999999994,BLOCKS,
2025-12-15 12:55:47,Xitsongalo,SELL,NETHERRACK,7,0.24499999999999994,BLOCKS,
2025-12-15 12:55:48,Xitsongalo,SELL,NETHERRACK,7,0.24499999999999994,BLOCKS,
2025-12-15 12:55:48,Xitsongalo,SELL,NETHERRACK,7,0.24499999999999994,BLOCKS,
2025-12-15 12:55:48,Xitsongalo,SELL,NETHERRACK,7,0.24499999999999994,BLOCKS,
2025-12-15 12:55:48,Xitsongalo,SELL,NETHERRACK,7,0.24499999999999994,BLOCKS,
2025-12-15 12:55:49,Xitsongalo,SELL,NETHERRACK,7,0.24499999999999994,BLOCKS,
2025-12-15 12:55:50,Xitsongalo,SELL,NETHERRACK,2,0.06999999999999998,BLOCKS,
